Archive member included to satisfy reference by file (symbol)

C:/ST/STM32CubeIDE_1.14.0/STM32CubeIDE/plugins/com.st.stm32cube.ide.mcu.externaltools.gnu-tools-for-stm32.11.3.rel1.win32_1.1.100.202309141235/tools/bin/../lib/gcc/arm-none-eabi/11.3.1/../../../../arm-none-eabi/lib/thumb/v7e-m+fp/hard\libc_nano.a(libc_a-exit.o)
                              C:/ST/STM32CubeIDE_1.14.0/STM32CubeIDE/plugins/com.st.stm32cube.ide.mcu.externaltools.gnu-tools-for-stm32.11.3.rel1.win32_1.1.100.202309141235/tools/bin/../lib/gcc/arm-none-eabi/11.3.1/../../../../arm-none-eabi/lib/thumb/v7e-m+fp/hard/crt0.o (exit)
C:/ST/STM32CubeIDE_1.14.0/STM32CubeIDE/plugins/com.st.stm32cube.ide.mcu.externaltools.gnu-tools-for-stm32.11.3.rel1.win32_1.1.100.202309141235/tools/bin/../lib/gcc/arm-none-eabi/11.3.1/../../../../arm-none-eabi/lib/thumb/v7e-m+fp/hard\libc_nano.a(libc_a-findfp.o)
                              C:/ST/STM32CubeIDE_1.14.0/STM32CubeIDE/plugins/com.st.stm32cube.ide.mcu.externaltools.gnu-tools-for-stm32.11.3.rel1.win32_1.1.100.202309141235/tools/bin/../lib/gcc/arm-none-eabi/11.3.1/../../../../arm-none-eabi/lib/thumb/v7e-m+fp/hard\libc_nano.a(libc_a-exit.o) (__stdio_exit_handler)
C:/ST/STM32CubeIDE_1.14.0/STM32CubeIDE/plugins/com.st.stm32cube.ide.mcu.externaltools.gnu-tools-for-stm32.11.3.rel1.win32_1.1.100.202309141235/tools/bin/../lib/gcc/arm-none-eabi/11.3.1/../../../../arm-none-eabi/lib/thumb/v7e-m+fp/hard\libc_nano.a(libc_a-fwalk.o)
                              C:/ST/STM32CubeIDE_1.14.0/STM32CubeIDE/plugins/com.st.stm32cube.ide.mcu.externaltools.gnu-tools-for-stm32.11.3.rel1.win32_1.1.100.202309141235/tools/bin/../lib/gcc/arm-none-eabi/11.3.1/../../../../arm-none-eabi/lib/thumb/v7e-m+fp/hard\libc_nano.a(libc_a-findfp.o) (_fwalk_sglue)
C:/ST/STM32CubeIDE_1.14.0/STM32CubeIDE/plugins/com.st.stm32cube.ide.mcu.externaltools.gnu-tools-for-stm32.11.3.rel1.win32_1.1.100.202309141235/tools/bin/../lib/gcc/arm-none-eabi/11.3.1/../../../../arm-none-eabi/lib/thumb/v7e-m+fp/hard\libc_nano.a(libc_a-stdio.o)
                              C:/ST/STM32CubeIDE_1.14.0/STM32CubeIDE/plugins/com.st.stm32cube.ide.mcu.externaltools.gnu-tools-for-stm32.11.3.rel1.win32_1.1.100.202309141235/tools/bin/../lib/gcc/arm-none-eabi/11.3.1/../../../../arm-none-eabi/lib/thumb/v7e-m+fp/hard\libc_nano.a(libc_a-findfp.o) (__sread)
C:/ST/STM32CubeIDE_1.14.0/STM32CubeIDE/plugins/com.st.stm32cube.ide.mcu.externaltools.gnu-tools-for-stm32.11.3.rel1.win32_1.1.100.202309141235/tools/bin/../lib/gcc/arm-none-eabi/11.3.1/../../../../arm-none-eabi/lib/thumb/v7e-m+fp/hard\libc_nano.a(libc_a-vsnprintf.o)
                              ./Core/Src/ayLib/uart/src/uartAY.o (vsnprintf)
C:/ST/STM32CubeIDE_1.14.0/STM32CubeIDE/plugins/com.st.stm32cube.ide.mcu.externaltools.gnu-tools-for-stm32.11.3.rel1.win32_1.1.100.202309141235/tools/bin/../lib/gcc/arm-none-eabi/11.3.1/../../../../arm-none-eabi/lib/thumb/v7e-m+fp/hard\libc_nano.a(libc_a-memset.o)
                              C:/ST/STM32CubeIDE_1.14.0/STM32CubeIDE/plugins/com.st.stm32cube.ide.mcu.externaltools.gnu-tools-for-stm32.11.3.rel1.win32_1.1.100.202309141235/tools/bin/../lib/gcc/arm-none-eabi/11.3.1/../../../../arm-none-eabi/lib/thumb/v7e-m+fp/hard/crt0.o (memset)
C:/ST/STM32CubeIDE_1.14.0/STM32CubeIDE/plugins/com.st.stm32cube.ide.mcu.externaltools.gnu-tools-for-stm32.11.3.rel1.win32_1.1.100.202309141235/tools/bin/../lib/gcc/arm-none-eabi/11.3.1/../../../../arm-none-eabi/lib/thumb/v7e-m+fp/hard\libc_nano.a(libc_a-closer.o)
                              C:/ST/STM32CubeIDE_1.14.0/STM32CubeIDE/plugins/com.st.stm32cube.ide.mcu.externaltools.gnu-tools-for-stm32.11.3.rel1.win32_1.1.100.202309141235/tools/bin/../lib/gcc/arm-none-eabi/11.3.1/../../../../arm-none-eabi/lib/thumb/v7e-m+fp/hard\libc_nano.a(libc_a-stdio.o) (_close_r)
C:/ST/STM32CubeIDE_1.14.0/STM32CubeIDE/plugins/com.st.stm32cube.ide.mcu.externaltools.gnu-tools-for-stm32.11.3.rel1.win32_1.1.100.202309141235/tools/bin/../lib/gcc/arm-none-eabi/11.3.1/../../../../arm-none-eabi/lib/thumb/v7e-m+fp/hard\libc_nano.a(libc_a-reent.o)
                              C:/ST/STM32CubeIDE_1.14.0/STM32CubeIDE/plugins/com.st.stm32cube.ide.mcu.externaltools.gnu-tools-for-stm32.11.3.rel1.win32_1.1.100.202309141235/tools/bin/../lib/gcc/arm-none-eabi/11.3.1/../../../../arm-none-eabi/lib/thumb/v7e-m+fp/hard\libc_nano.a(libc_a-closer.o) (errno)
C:/ST/STM32CubeIDE_1.14.0/STM32CubeIDE/plugins/com.st.stm32cube.ide.mcu.externaltools.gnu-tools-for-stm32.11.3.rel1.win32_1.1.100.202309141235/tools/bin/../lib/gcc/arm-none-eabi/11.3.1/../../../../arm-none-eabi/lib/thumb/v7e-m+fp/hard\libc_nano.a(libc_a-impure.o)
                              C:/ST/STM32CubeIDE_1.14.0/STM32CubeIDE/plugins/com.st.stm32cube.ide.mcu.externaltools.gnu-tools-for-stm32.11.3.rel1.win32_1.1.100.202309141235/tools/bin/../lib/gcc/arm-none-eabi/11.3.1/../../../../arm-none-eabi/lib/thumb/v7e-m+fp/hard\libc_nano.a(libc_a-vsnprintf.o) (_impure_ptr)
[...]
Memory Configuration

Name             Origin             Length             Attributes
CCMRAM           0x0000000010000000 0x0000000000010000 xrw
RAM              0x0000000020000000 0x0000000000020000 xrw
FLASH            0x0000000008000000 0x0000000000100000 xr
*default*        0x0000000000000000 0xffffffffffffffff

Linker script and memory map

LOAD C:/ST/STM32CubeIDE_1.14.0/STM32CubeIDE/plugins/com.st.stm32cube.ide.mcu.externaltools.gnu-tools-for-stm32.11.3.rel1.win32_1.1.100.202309141235/tools/bin/../lib/gcc/arm-none-eabi/11.3.1/thumb/v7e-m+fp/hard/crti.o
LOAD C:/ST/STM32CubeIDE_1.14.0/STM32CubeIDE/plugins/com.st.stm32cube.ide.mcu.externaltools.gnu-tools-for-stm32.11.3.rel1.win32_1.1.100.202309141235/tools/bin/../lib/gcc/arm-none-eabi/11.3.1/thumb/v7e-m+fp/hard/crtbegin.o
LOAD C:/ST/STM32CubeIDE_1.14.0/STM32CubeIDE/plugins/com.st.stm32cube.ide.mcu.externaltools.gnu-tools-for-stm32.11.3.rel1.win32_1.1.100.202309141235/tools/bin/../lib/gcc/arm-none-eabi/11.3.1/../../../../arm-none-eabi/lib/thumb/v7e-m+fp/hard/crt0.o
LOAD ./Core/Src/ayLib/CRC16/src/crc16AY.o
LOAD ./Core/Src/ayLib/modbus/src/modbusAY.o
LOAD ./Core/Src/ayLib/ringBuffer/src/ringBufferAY.o
LOAD ./Core/Src/ayLib/timer/src/timerAY.o
LOAD ./Core/Src/ayLib/uart/src/uartAY.o
LOAD ./Core/Src/main.o
LOAD ./Core/Src/stm32f4xx_hal_msp.o
LOAD ./Core/Src/stm32f4xx_it.o
LOAD ./Core/Src/syscalls.o
LOAD ./Core/Src/sysmem.o
LOAD ./Core/Src/system_stm32f4xx.o
LOAD ./Core/Startup/startup_stm32f407vgtx.o
LOAD ./Drivers/STM32F4xx_HAL_Driver/Src/stm32f4xx_hal.o
LOAD ./Drivers/STM32F4xx_HAL_Driver/Src/stm32f4xx_hal_cortex.o
LOAD ./Drivers/STM32F4xx_HAL_Driver/Src/stm32f4xx_hal_dma.o
LOAD ./Drivers/STM32F4xx_HAL_Driver/Src/stm32f4xx_hal_dma_ex.o
LOAD ./Drivers/STM32F4xx_HAL_Driver/Src/stm32f4xx_hal_exti.o
LOAD ./Drivers/STM32F4xx_HAL_Driver/Src/stm32f4xx_hal_flash.o
LOAD ./Drivers/STM32F4xx_HAL_Driver/Src/stm32f4xx_hal_flash_ex.o
LOAD ./Drivers/STM32F4xx_HAL_Driver/Src/stm32f4xx_hal_flash_ramfunc.o
LOAD ./Drivers/STM32F4xx_HAL_Driver/Src/stm32f4xx_hal_gpio.o
LOAD ./Drivers/STM32F4xx_HAL_Driver/Src/stm32f4xx_hal_pwr.o
LOAD ./Drivers/STM32F4xx_HAL_Driver/Src/stm32f4xx_hal_pwr_ex.o
LOAD ./Drivers/STM32F4xx_HAL_Driver/Src/stm32f4xx_hal_rcc.o
LOAD ./Drivers/STM32F4xx_HAL_Driver/Src/stm32f4xx_hal_rcc_ex.o
LOAD ./Drivers/STM32F4xx_HAL_Driver/Src/stm32f4xx_hal_tim.o
LOAD ./Drivers/STM32F4xx_HAL_Driver/Src/stm32f4xx_hal_tim_ex.o
LOAD ./Drivers/STM32F4xx_HAL_Driver/Src/stm32f4xx_hal_uart.o
START GROUP
LOAD C:/ST/STM32CubeIDE_1.14.0/STM32CubeIDE/plugins/com.st.stm32cube.ide.mcu.externaltools.gnu-tools-for-stm32.11.3.rel1.win32_1.1.100.202309141235/tools/bin/../lib/gcc/arm-none-eabi/11.3.1/../../../../arm-none-eabi/lib/thumb/v7e-m+fp/hard\libc_nano.a
LOAD C:/ST/STM32CubeIDE_1.14.0/STM32CubeIDE/plugins/com.st.stm32cube.ide.mcu.externaltools.gnu-tools-for-stm32.11.3.rel1.win32_1.1.100.202309141235/tools/bin/../lib/gcc/arm-none-eabi/11.3.1/../../../../arm-none-eabi/lib/thumb/v7e-m+fp/hard\libm.a
END GROUP
START GROUP
LOAD C:/ST/STM32CubeIDE_1.14.0/STM32CubeIDE/plugins/com.st.stm32cube.ide.mcu.externaltools.gnu-tools-for-stm32.11.3.rel1.win32_1.1.100.202309141235/tools/bin/../lib/gcc/arm-none-eabi/11.3.1/thumb/v7e-m+fp/hard\libgcc.a
LOAD C:/ST/STM32CubeIDE_1.14.0/STM32CubeIDE/plugins/com.st.stm32cube.ide.mcu.externaltools.gnu-tools-for-stm32.11.3.rel1.win32_1.1.100.202309141235/tools/bin/../lib/gcc/arm-none-eabi/11.3.1/../../../../arm-none-eabi/lib/thumb/v7e-m+fp/hard\libc_nano.a
END GROUP
START GROUP
LOAD C:/ST/STM32CubeIDE_1.14.0/STM32CubeIDE/plugins/com.st.stm32cube.ide.mcu.externaltools.gnu-tools-for-stm32.11.3.rel1.win32_1.1.100.202309141235/tools/bin/../lib/gcc/arm-none-eabi/11.3.1/thumb/v7e-m+fp/hard\libgcc.a
LOAD C:/ST/STM32CubeIDE_1.14.0/STM32CubeIDE/plugins/com.st.stm32cube.ide.mcu.externaltools.gnu-tools-for-stm32.11.3.rel1.win32_1.1.100.202309141235/tools/bin/../lib/gcc/arm-none-eabi/11.3.1/../../../../arm-none-eabi/lib/thumb/v7e-m+fp/hard\libc_nano.a
LOAD C:/ST/STM32CubeIDE_1.14.0/STM32CubeIDE/plugins/com.st.stm32cube.ide.mcu.externaltools.gnu-tools-for-stm32.11.3.rel1.win32_1.1.100.202309141235/tools/bin/../lib/gcc/arm-none-eabi/11.3.1/../../../../arm-none-eabi/lib/thumb/v7e-m+fp/hard\libnosys.a
END GROUP
START GROUP
LOAD C:/ST/STM32CubeIDE_1.14.0/STM32CubeIDE/plugins/com.st.stm32cube.ide.mcu.externaltools.gnu-tools-for-stm32.11.3.rel1.win32_1.1.100.202309141235/tools/bin/../lib/gcc/arm-none-eabi/11.3.1/thumb/v7e-m+fp/hard\libgcc.a
LOAD C:/ST/STM32CubeIDE_1.14.0/STM32CubeIDE/plugins/com.st.stm32cube.ide.mcu.externaltools.gnu-tools-for-stm32.11.3.rel1.win32_1.1.100.202309141235/tools/bin/../lib/gcc/arm-none-eabi/11.3.1/../../../../arm-none-eabi/lib/thumb/v7e-m+fp/hard\libc_nano.a
LOAD C:/ST/STM32CubeIDE_1.14.0/STM32CubeIDE/plugins/com.st.stm32cube.ide.mcu.externaltools.gnu-tools-for-stm32.11.3.rel1.win32_1.1.100.202309141235/tools/bin/../lib/gcc/arm-none-eabi/11.3.1/../../../../arm-none-eabi/lib/thumb/v7e-m+fp/hard\libnosys.a
END GROUP
LOAD C:/ST/STM32CubeIDE_1.14.0/STM32CubeIDE/plugins/com.st.stm32cube.ide.mcu.externaltools.gnu-tools-for-stm32.11.3.rel1.win32_1.1.100.202309141235/tools/bin/../lib/gcc/arm-none-eabi/11.3.1/thumb/v7e-m+fp/hard/crtend.o
LOAD C:/ST/STM32CubeIDE_1.14.0/STM32CubeIDE/plugins/com.st.stm32cube.ide.mcu.externaltools.gnu-tools-for-stm32.11.3.rel1.win32_1.1.100.202309141235/tools/bin/../lib/gcc/arm-none-eabi/11.3.1/thumb/v7e-m+fp/hard/crtn.o
                0x0000000020020000                _estack = (ORIGIN (RAM) + LENGTH (RAM))
                0x0000000000000200                _Min_Heap_Size = 0x200
                0x0000000000000400                _Min_Stack_Size = 0x400

.isr_vector     0x0000000008000000      0x188
                0x0000000008000000                . = ALIGN (0x4)
 *(.isr_vector)
 .isr_vector    0x0000000008000000      0x188 ./Core/Startup/startup_stm32f407vgtx.o
                0x0000000008000000                g_pfnVectors
                0x0000000008000188                . = ALIGN (0x4)

.text           0x0000000008000190     0x3158
                0x0000000008000190                . = ALIGN (0x4)
 *(.text)
 .text          0x0000000008000190       0x40 C:/ST/STM32CubeIDE_1.14.0/STM32CubeIDE/plugins/com.st.stm32cube.ide.mcu.externaltools.gnu-tools-for-stm32.11.3.rel1.win32_1.1.100.202309141235/tools/bin/../lib/gcc/arm-none-eabi/11.3.1/thumb/v7e-m+fp/hard/crtbegin.o
 .text          0x00000000080001d0       0xa0 C:/ST/STM32CubeIDE_1.14.0/STM32CubeIDE/plugins/com.st.stm32cube.ide.mcu.externaltools.gnu-tools-for-stm32.11.3.rel1.win32_1.1.100.202309141235/tools/bin/../lib/gcc/arm-none-eabi/11.3.1/../../../../arm-none-eabi/lib/thumb/v7e-m+fp/hard\libc_nano.a(libc_a-memchr.o)
                0x00000000080001d0                memchr
 .text          0x0000000008000270       0x30 C:/ST/STM32CubeIDE_1.14.0/STM32CubeIDE/plugins/com.st.stm32cube.ide.mcu.externaltools.gnu-tools-for-stm32.11.3.rel1.win32_1.1.100.202309141235/tools/bin/../lib/gcc/arm-none-eabi/11.3.1/thumb/v7e-m+fp/hard\libgcc.a(_aeabi_uldivmod.o)
                0x0000000008000270                __aeabi_uldivmod
 .text          0x00000000080002a0      0x2c8 C:/ST/STM32CubeIDE_1.14.0/STM32CubeIDE/plugins/com.st.stm32cube.ide.mcu.externaltools.gnu-tools-for-stm32.11.3.rel1.win32_1.1.100.202309141235/tools/bin/../lib/gcc/arm-none-eabi/11.3.1/thumb/v7e-m+fp/hard\libgcc.a(_udivmoddi4.o)
                0x00000000080002a0                __udivmoddi4
 .text          0x0000000008000568        0x4 C:/ST/STM32CubeIDE_1.14.0/STM32CubeIDE/plugins/com.st.stm32cube.ide.mcu.externaltools.gnu-tools-for-stm32.11.3.rel1.win32_1.1.100.202309141235/tools/bin/../lib/gcc/arm-none-eabi/11.3.1/thumb/v7e-m+fp/hard\libgcc.a(_dvmd_tls.o)
                0x0000000008000568                __aeabi_idiv0
                0x0000000008000568                __aeabi_ldiv0
 *(.text*)
 .text.CRC16Calculator
                0x000000000800056c       0x38 ./Core/Src/ayLib/CRC16/src/crc16AY.o
                0x000000000800056c                CRC16Calculator
 .text.ModbusInit
                0x00000000080005a4       0x1e ./Core/Src/ayLib/modbus/src/modbusAY.o
                0x00000000080005a4                ModbusInit
 .text.ModbusElementsEqual
                0x00000000080005c2       0x28 ./Core/Src/ayLib/modbus/src/modbusAY.o
                0x00000000080005c2                ModbusElementsEqual
 *fill*         0x00000000080005ea        0x2 
 .text.ModbusMasterWrite
                0x00000000080005ec       0x28 ./Core/Src/ayLib/modbus/src/modbusAY.o
                0x00000000080005ec                ModbusMasterWrite
 .text.ModbusMasterControl
                0x0000000008000614      0x624 ./Core/Src/ayLib/modbus/src/modbusAY.o
                0x0000000008000614                ModbusMasterControl
 .text.RingBufferInit
                0x0000000008000c38        0xc ./Core/Src/ayLib/ringBuffer/src/ringBufferAY.o
                0x0000000008000c38                RingBufferInit
 .text.RingBufferIsEmpty
                0x0000000008000c44        0xe ./Core/Src/ayLib/ringBuffer/src/ringBufferAY.o
                0x0000000008000c44                RingBufferIsEmpty
 .text.RingBufferIsFull
                0x0000000008000c52       0x1c ./Core/Src/ayLib/ringBuffer/src/ringBufferAY.o
                0x0000000008000c52                RingBufferIsFull
 .text.RingBufferPushData
                0x0000000008000c6e       0x2e ./Core/Src/ayLib/ringBuffer/src/ringBufferAY.o
                0x0000000008000c6e                RingBufferPushData
 .text.RingBufferPullData
                0x0000000008000c9c       0x28 ./Core/Src/ayLib/ringBuffer/src/ringBufferAY.o
                0x0000000008000c9c                RingBufferPullData
 .text.RingBufferClearData
                0x0000000008000cc4        0x8 ./Core/Src/ayLib/ringBuffer/src/ringBufferAY.o
                0x0000000008000cc4                RingBufferClearData
 .text.TickTimerInterrupt
                0x0000000008000ccc       0x10 ./Core/Src/ayLib/timer/src/timerAY.o
                0x0000000008000ccc                TickTimerInterrupt
 .text.TickTimerSetTime
                0x0000000008000cdc       0x14 ./Core/Src/ayLib/timer/src/timerAY.o
                0x0000000008000cdc                TickTimerSetTime
 .text.TickTimerStopTime
                0x0000000008000cf0        0x6 ./Core/Src/ayLib/timer/src/timerAY.o
                0x0000000008000cf0                TickTimerStopTime
 *fill*         0x0000000008000cf6        0x2 
 .text.TickTimerCheckElapsedTime
                0x0000000008000cf8       0x3c ./Core/Src/ayLib/timer/src/timerAY.o
                0x0000000008000cf8                TickTimerCheckElapsedTime
 .text.UartX_Init
                0x0000000008000d34       0x24 ./Core/Src/ayLib/uart/src/uartAY.o
                0x0000000008000d34                UartX_Init
 .text.UartX_WriteSingleChar
                0x0000000008000d58       0x44 ./Core/Src/ayLib/uart/src/uartAY.o
                0x0000000008000d58                UartX_WriteSingleChar
 .text.UartX_WriteString
                0x0000000008000d9c       0x18 ./Core/Src/ayLib/uart/src/uartAY.o
                0x0000000008000d9c                UartX_WriteString
 .text.UartX_WriteIntControl
                0x0000000008000db4       0x32 ./Core/Src/ayLib/uart/src/uartAY.o
                0x0000000008000db4                UartX_WriteIntControl
 *fill*         0x0000000008000de6        0x2 
 .text.UartX_CommInit
                0x0000000008000de8       0x54 ./Core/Src/ayLib/uart/src/uartAY.o
                0x0000000008000de8                UartX_CommInit
 .text.UartX_Printf
                0x0000000008000e3c       0x44 ./Core/Src/ayLib/uart/src/uartAY.o
                0x0000000008000e3c                UartX_Printf
 .text.UartX_InterruptCallBacks
                0x0000000008000e80       0x98 ./Core/Src/ayLib/uart/src/uartAY.o
                0x0000000008000e80                UartX_InterruptCallBacks
 .text.MX_GPIO_Init
                0x0000000008000f18       0x90 ./Core/Src/main.o
 .text.Error_Handler
                0x0000000008000fa8        0x4 ./Core/Src/main.o
                0x0000000008000fa8                Error_Handler
 .text.MX_TIM2_Init
                0x0000000008000fac       0x68 ./Core/Src/main.o
 .text.MX_USART2_UART_Init
                0x0000000008001014       0x34 ./Core/Src/main.o
 .text.SystemClock_Config
                0x0000000008001048       0xa8 ./Core/Src/main.o
                0x0000000008001048                SystemClock_Config
 .text.main     0x00000000080010f0       0x5c ./Core/Src/main.o
                0x00000000080010f0                main
 .text.HAL_MspInit
                0x000000000800114c       0x38 ./Core/Src/stm32f4xx_hal_msp.o
                0x000000000800114c                HAL_MspInit
 .text.HAL_TIM_Base_MspInit
                0x0000000008001184       0x3c ./Core/Src/stm32f4xx_hal_msp.o
                0x0000000008001184                HAL_TIM_Base_MspInit
 .text.HAL_UART_MspInit
                0x00000000080011c0       0x7c ./Core/Src/stm32f4xx_hal_msp.o
                0x00000000080011c0                HAL_UART_MspInit
 .text.NMI_Handler
                0x000000000800123c        0x2 ./Core/Src/stm32f4xx_it.o
                0x000000000800123c                NMI_Handler
 .text.HardFault_Handler
                0x000000000800123e        0x2 ./Core/Src/stm32f4xx_it.o
                0x000000000800123e                HardFault_Handler
 .text.MemManage_Handler
                0x0000000008001240        0x2 ./Core/Src/stm32f4xx_it.o
                0x0000000008001240                MemManage_Handler
 .text.BusFault_Handler
                0x0000000008001242        0x2 ./Core/Src/stm32f4xx_it.o
                0x0000000008001242                BusFault_Handler
 .text.UsageFault_Handler
                0x0000000008001244        0x2 ./Core/Src/stm32f4xx_it.o
                0x0000000008001244                UsageFault_Handler
 .text.SVC_Handler
                0x0000000008001246        0x2 ./Core/Src/stm32f4xx_it.o
                0x0000000008001246                SVC_Handler
 .text.DebugMon_Handler
                0x0000000008001248        0x2 ./Core/Src/stm32f4xx_it.o
                0x0000000008001248                DebugMon_Handler
 .text.PendSV_Handler
                0x000000000800124a        0x2 ./Core/Src/stm32f4xx_it.o
                0x000000000800124a                PendSV_Handler
 .text.SysTick_Handler
                0x000000000800124c        0x8 ./Core/Src/stm32f4xx_it.o
                0x000000000800124c                SysTick_Handler
 .text.TIM2_IRQHandler
                0x0000000008001254       0x14 ./Core/Src/stm32f4xx_it.o
                0x0000000008001254                TIM2_IRQHandler
 .text.USART2_IRQHandler
                0x0000000008001268       0x14 ./Core/Src/stm32f4xx_it.o
                0x0000000008001268                USART2_IRQHandler
 .text._sbrk    0x000000000800127c       0x48 ./Core/Src/sysmem.o
                0x000000000800127c                _sbrk
 .text.SystemInit
                0x00000000080012c4       0x14 ./Core/Src/system_stm32f4xx.o
                0x00000000080012c4                SystemInit
 .text.Reset_Handler
                0x00000000080012d8       0x50 ./Core/Startup/startup_stm32f407vgtx.o
                0x00000000080012d8                Reset_Handler
 .text.Default_Handler
                0x0000000008001328        0x2 ./Core/Startup/startup_stm32f407vgtx.o
                0x0000000008001328                RTC_Alarm_IRQHandler
                0x0000000008001328                HASH_RNG_IRQHandler
                0x0000000008001328                EXTI2_IRQHandler
                0x0000000008001328                TIM8_CC_IRQHandler
                0x0000000008001328                TIM1_CC_IRQHandler
                0x0000000008001328                DMA2_Stream5_IRQHandler
                0x0000000008001328                DMA1_Stream5_IRQHandler
                0x0000000008001328                PVD_IRQHandler
                0x0000000008001328                SDIO_IRQHandler
                0x0000000008001328                TAMP_STAMP_IRQHandler
                0x0000000008001328                CAN2_RX1_IRQHandler
                0x0000000008001328                EXTI3_IRQHandler
                0x0000000008001328                TIM8_TRG_COM_TIM14_IRQHandler
                0x0000000008001328                TIM1_UP_TIM10_IRQHandler
                0x0000000008001328                TIM8_UP_TIM13_IRQHandler
                0x0000000008001328                I2C3_ER_IRQHandler
                0x0000000008001328                EXTI0_IRQHandler
                0x0000000008001328                I2C2_EV_IRQHandler
                0x0000000008001328                DMA1_Stream2_IRQHandler
                0x0000000008001328                CAN1_RX0_IRQHandler
                0x0000000008001328                FPU_IRQHandler
                0x0000000008001328                OTG_HS_WKUP_IRQHandler
                0x0000000008001328                CAN2_SCE_IRQHandler
                0x0000000008001328                DMA2_Stream2_IRQHandler
                0x0000000008001328                SPI1_IRQHandler
                0x0000000008001328                TIM6_DAC_IRQHandler
                0x0000000008001328                TIM1_BRK_TIM9_IRQHandler
                0x0000000008001328                DCMI_IRQHandler
                0x0000000008001328                CAN2_RX0_IRQHandler
                0x0000000008001328                DMA2_Stream3_IRQHandler
                0x0000000008001328                USART6_IRQHandler
                0x0000000008001328                USART3_IRQHandler
                0x0000000008001328                CAN1_RX1_IRQHandler
                0x0000000008001328                UART5_IRQHandler
                0x0000000008001328                DMA2_Stream0_IRQHandler
                0x0000000008001328                TIM4_IRQHandler
                0x0000000008001328                I2C1_EV_IRQHandler
                0x0000000008001328                DMA1_Stream6_IRQHandler
                0x0000000008001328                DMA1_Stream1_IRQHandler
                0x0000000008001328                UART4_IRQHandler
                0x0000000008001328                TIM3_IRQHandler
                0x0000000008001328                RCC_IRQHandler
                0x0000000008001328                TIM8_BRK_TIM12_IRQHandler
                0x0000000008001328                Default_Handler
                0x0000000008001328                EXTI15_10_IRQHandler
                0x0000000008001328                ADC_IRQHandler
                0x0000000008001328                DMA1_Stream7_IRQHandler
                0x0000000008001328                TIM7_IRQHandler
                0x0000000008001328                CAN2_TX_IRQHandler
                0x0000000008001328                TIM5_IRQHandler
                0x0000000008001328                DMA2_Stream7_IRQHandler
                0x0000000008001328                I2C3_EV_IRQHandler
                0x0000000008001328                EXTI9_5_IRQHandler
                0x0000000008001328                RTC_WKUP_IRQHandler
                0x0000000008001328                ETH_WKUP_IRQHandler
                0x0000000008001328                SPI2_IRQHandler
                0x0000000008001328                OTG_HS_EP1_IN_IRQHandler
                0x0000000008001328                DMA1_Stream0_IRQHandler
                0x0000000008001328                CAN1_TX_IRQHandler
                0x0000000008001328                EXTI4_IRQHandler
                0x0000000008001328                FSMC_IRQHandler
                0x0000000008001328                ETH_IRQHandler
                0x0000000008001328                OTG_HS_EP1_OUT_IRQHandler
                0x0000000008001328                WWDG_IRQHandler
                0x0000000008001328                OTG_FS_WKUP_IRQHandler
                0x0000000008001328                TIM1_TRG_COM_TIM11_IRQHandler
                0x0000000008001328                OTG_HS_IRQHandler
                0x0000000008001328                EXTI1_IRQHandler
                0x0000000008001328                I2C2_ER_IRQHandler
                0x0000000008001328                DMA2_Stream1_IRQHandler
                0x0000000008001328                CAN1_SCE_IRQHandler
                0x0000000008001328                FLASH_IRQHandler
                0x0000000008001328                DMA2_Stream4_IRQHandler
                0x0000000008001328                USART1_IRQHandler
                0x0000000008001328                OTG_FS_IRQHandler
                0x0000000008001328                SPI3_IRQHandler
                0x0000000008001328                DMA1_Stream4_IRQHandler
                0x0000000008001328                I2C1_ER_IRQHandler
                0x0000000008001328                DMA2_Stream6_IRQHandler
                0x0000000008001328                DMA1_Stream3_IRQHandler
 *fill*         0x000000000800132a        0x2 
 .text.HAL_InitTick
                0x000000000800132c       0x4c ./Drivers/STM32F4xx_HAL_Driver/Src/stm32f4xx_hal.o
                0x000000000800132c                HAL_InitTick
 .text.HAL_Init
                0x0000000008001378       0x34 ./Drivers/STM32F4xx_HAL_Driver/Src/stm32f4xx_hal.o
                0x0000000008001378                HAL_Init
 .text.HAL_IncTick
                0x00000000080013ac       0x18 ./Drivers/STM32F4xx_HAL_Driver/Src/stm32f4xx_hal.o
                0x00000000080013ac                HAL_IncTick
 .text.HAL_GetTick
                0x00000000080013c4        0xc ./Drivers/STM32F4xx_HAL_Driver/Src/stm32f4xx_hal.o
                0x00000000080013c4                HAL_GetTick
 .text.HAL_Delay
                0x00000000080013d0       0x28 ./Drivers/STM32F4xx_HAL_Driver/Src/stm32f4xx_hal.o
                0x00000000080013d0                HAL_Delay
 .text.HAL_NVIC_SetPriorityGrouping
                0x00000000080013f8       0x24 ./Drivers/STM32F4xx_HAL_Driver/Src/stm32f4xx_hal_cortex.o
                0x00000000080013f8                HAL_NVIC_SetPriorityGrouping
 .text.HAL_NVIC_SetPriority
                0x000000000800141c       0x70 ./Drivers/STM32F4xx_HAL_Driver/Src/stm32f4xx_hal_cortex.o
                0x000000000800141c                HAL_NVIC_SetPriority
 .text.HAL_NVIC_EnableIRQ
                0x000000000800148c       0x1c ./Drivers/STM32F4xx_HAL_Driver/Src/stm32f4xx_hal_cortex.o
                0x000000000800148c                HAL_NVIC_EnableIRQ
 .text.HAL_SYSTICK_Config
                0x00000000080014a8       0x28 ./Drivers/STM32F4xx_HAL_Driver/Src/stm32f4xx_hal_cortex.o
                0x00000000080014a8                HAL_SYSTICK_Config
 .text.HAL_DMA_Abort
                0x00000000080014d0       0x94 ./Drivers/STM32F4xx_HAL_Driver/Src/stm32f4xx_hal_dma.o
                0x00000000080014d0                HAL_DMA_Abort
 .text.HAL_DMA_Abort_IT
                0x0000000008001564       0x26 ./Drivers/STM32F4xx_HAL_Driver/Src/stm32f4xx_hal_dma.o
                0x0000000008001564                HAL_DMA_Abort_IT
 *fill*         0x000000000800158a        0x2 
 .text.HAL_GPIO_Init
                0x000000000800158c      0x1ec ./Drivers/STM32F4xx_HAL_Driver/Src/stm32f4xx_hal_gpio.o
                0x000000000800158c                HAL_GPIO_Init
 .text.HAL_GPIO_ReadPin
                0x0000000008001778        0xe ./Drivers/STM32F4xx_HAL_Driver/Src/stm32f4xx_hal_gpio.o
                0x0000000008001778                HAL_GPIO_ReadPin
 .text.HAL_GPIO_WritePin
                0x0000000008001786        0xc ./Drivers/STM32F4xx_HAL_Driver/Src/stm32f4xx_hal_gpio.o
                0x0000000008001786                HAL_GPIO_WritePin
 *fill*         0x0000000008001792        0x2 
 .text.HAL_RCC_OscConfig
                0x0000000008001794      0x3f8 ./Drivers/STM32F4xx_HAL_Driver/Src/stm32f4xx_hal_rcc.o
                0x0000000008001794                HAL_RCC_OscConfig
 .text.HAL_RCC_GetSysClockFreq
                0x0000000008001b8c       0xdc ./Drivers/STM32F4xx_HAL_Driver/Src/stm32f4xx_hal_rcc.o
                0x0000000008001b8c                HAL_RCC_GetSysClockFreq
 .text.HAL_RCC_ClockConfig
                0x0000000008001c68      0x160 ./Drivers/STM32F4xx_HAL_Driver/Src/stm32f4xx_hal_rcc.o
                0x0000000008001c68                HAL_RCC_ClockConfig
 .text.HAL_RCC_GetHCLKFreq
                0x0000000008001dc8        0xc ./Drivers/STM32F4xx_HAL_Driver/Src/stm32f4xx_hal_rcc.o
                0x0000000008001dc8                HAL_RCC_GetHCLKFreq
 .text.HAL_RCC_GetPCLK1Freq
                0x0000000008001dd4       0x20 ./Drivers/STM32F4xx_HAL_Driver/Src/stm32f4xx_hal_rcc.o
                0x0000000008001dd4                HAL_RCC_GetPCLK1Freq
 .text.HAL_RCC_GetPCLK2Freq
                0x0000000008001df4       0x20 ./Drivers/STM32F4xx_HAL_Driver/Src/stm32f4xx_hal_rcc.o
                0x0000000008001df4                HAL_RCC_GetPCLK2Freq
 .text.TIM_TI1_ConfigInputStage
                0x0000000008001e14       0x26 ./Drivers/STM32F4xx_HAL_Driver/Src/stm32f4xx_hal_tim.o
 .text.TIM_TI2_ConfigInputStage
                0x0000000008001e3a       0x28 ./Drivers/STM32F4xx_HAL_Driver/Src/stm32f4xx_hal_tim.o
 .text.TIM_ITRx_SetConfig
                0x0000000008001e62       0x10 ./Drivers/STM32F4xx_HAL_Driver/Src/stm32f4xx_hal_tim.o
 *fill*         0x0000000008001e72        0x2 
 .text.HAL_TIM_Base_Start_IT
                0x0000000008001e74       0x88 ./Drivers/STM32F4xx_HAL_Driver/Src/stm32f4xx_hal_tim.o
                0x0000000008001e74                HAL_TIM_Base_Start_IT
 .text.HAL_TIM_PeriodElapsedCallback
                0x0000000008001efc        0x2 ./Drivers/STM32F4xx_HAL_Driver/Src/stm32f4xx_hal_tim.o
                0x0000000008001efc                HAL_TIM_PeriodElapsedCallback
 .text.HAL_TIM_OC_DelayElapsedCallback
                0x0000000008001efe        0x2 ./Drivers/STM32F4xx_HAL_Driver/Src/stm32f4xx_hal_tim.o
                0x0000000008001efe                HAL_TIM_OC_DelayElapsedCallback
 .text.HAL_TIM_IC_CaptureCallback
                0x0000000008001f00        0x2 ./Drivers/STM32F4xx_HAL_Driver/Src/stm32f4xx_hal_tim.o
                0x0000000008001f00                HAL_TIM_IC_CaptureCallback
 .text.HAL_TIM_PWM_PulseFinishedCallback
                0x0000000008001f02        0x2 ./Drivers/STM32F4xx_HAL_Driver/Src/stm32f4xx_hal_tim.o
                0x0000000008001f02                HAL_TIM_PWM_PulseFinishedCallback
 .text.HAL_TIM_TriggerCallback
                0x0000000008001f04        0x2 ./Drivers/STM32F4xx_HAL_Driver/Src/stm32f4xx_hal_tim.o
                0x0000000008001f04                HAL_TIM_TriggerCallback
 .text.HAL_TIM_IRQHandler
                0x0000000008001f06      0x17a ./Drivers/STM32F4xx_HAL_Driver/Src/stm32f4xx_hal_tim.o
                0x0000000008001f06                HAL_TIM_IRQHandler
 .text.TIM_Base_SetConfig
                0x0000000008002080       0xc8 ./Drivers/STM32F4xx_HAL_Driver/Src/stm32f4xx_hal_tim.o
                0x0000000008002080                TIM_Base_SetConfig
 .text.HAL_TIM_Base_Init
                0x0000000008002148       0x58 ./Drivers/STM32F4xx_HAL_Driver/Src/stm32f4xx_hal_tim.o
                0x0000000008002148                HAL_TIM_Base_Init
 .text.TIM_ETR_SetConfig
                0x00000000080021a0       0x1a ./Drivers/STM32F4xx_HAL_Driver/Src/stm32f4xx_hal_tim.o
                0x00000000080021a0                TIM_ETR_SetConfig
 .text.HAL_TIM_ConfigClockSource
                0x00000000080021ba       0xfe ./Drivers/STM32F4xx_HAL_Driver/Src/stm32f4xx_hal_tim.o
                0x00000000080021ba                HAL_TIM_ConfigClockSource
 .text.HAL_TIMEx_MasterConfigSynchronization
                0x00000000080022b8       0x8c ./Drivers/STM32F4xx_HAL_Driver/Src/stm32f4xx_hal_tim_ex.o
                0x00000000080022b8                HAL_TIMEx_MasterConfigSynchronization
 .text.HAL_TIMEx_CommutCallback
                0x0000000008002344        0x2 ./Drivers/STM32F4xx_HAL_Driver/Src/stm32f4xx_hal_tim_ex.o
                0x0000000008002344                HAL_TIMEx_CommutCallback
 .text.HAL_TIMEx_BreakCallback
                0x0000000008002346        0x2 ./Drivers/STM32F4xx_HAL_Driver/Src/stm32f4xx_hal_tim_ex.o
                0x0000000008002346                HAL_TIMEx_BreakCallback
 .text.UART_EndRxTransfer
                0x0000000008002348       0x5c ./Drivers/STM32F4xx_HAL_Driver/Src/stm32f4xx_hal_uart.o
 .text.UART_Transmit_IT
                0x00000000080023a4       0x60 ./Drivers/STM32F4xx_HAL_Driver/Src/stm32f4xx_hal_uart.o
 .text.UART_SetConfig
                0x0000000008002404      0x110 ./Drivers/STM32F4xx_HAL_Driver/Src/stm32f4xx_hal_uart.o
 .text.HAL_UART_Init
                0x0000000008002514       0x5e ./Drivers/STM32F4xx_HAL_Driver/Src/stm32f4xx_hal_uart.o
                0x0000000008002514                HAL_UART_Init
 .text.HAL_UART_Transmit_IT
                0x0000000008002572       0x4e ./Drivers/STM32F4xx_HAL_Driver/Src/stm32f4xx_hal_uart.o
                0x0000000008002572                HAL_UART_Transmit_IT
 .text.HAL_UART_TxCpltCallback
                0x00000000080025c0        0x2 ./Drivers/STM32F4xx_HAL_Driver/Src/stm32f4xx_hal_uart.o
                0x00000000080025c0                HAL_UART_TxCpltCallback
 .text.UART_EndTransmit_IT
                0x00000000080025c2       0x1a ./Drivers/STM32F4xx_HAL_Driver/Src/stm32f4xx_hal_uart.o
 .text.HAL_UART_RxCpltCallback
                0x00000000080025dc        0x2 ./Drivers/STM32F4xx_HAL_Driver/Src/stm32f4xx_hal_uart.o
                0x00000000080025dc                HAL_UART_RxCpltCallback
 .text.HAL_UART_ErrorCallback
                0x00000000080025de        0x2 ./Drivers/STM32F4xx_HAL_Driver/Src/stm32f4xx_hal_uart.o
                0x00000000080025de                HAL_UART_ErrorCallback
 .text.UART_DMAAbortOnError
                0x00000000080025e0       0x10 ./Drivers/STM32F4xx_HAL_Driver/Src/stm32f4xx_hal_uart.o
 .text.HAL_UARTEx_RxEventCallback
                0x00000000080025f0        0x2 ./Drivers/STM32F4xx_HAL_Driver/Src/stm32f4xx_hal_uart.o
                0x00000000080025f0                HAL_UARTEx_RxEventCallback
 .text.UART_Receive_IT
                0x00000000080025f2       0xe2 ./Drivers/STM32F4xx_HAL_Driver/Src/stm32f4xx_hal_uart.o
 .text.HAL_UART_IRQHandler
                0x00000000080026d4      0x280 ./Drivers/STM32F4xx_HAL_Driver/Src/stm32f4xx_hal_uart.o
                0x00000000080026d4                HAL_UART_IRQHandler
 .text._vsnprintf_r
                0x0000000008002954       0x56 C:/ST/STM32CubeIDE_1.14.0/STM32CubeIDE/plugins/com.st.stm32cube.ide.mcu.externaltools.gnu-tools-for-stm32.11.3.rel1.win32_1.1.100.202309141235/tools/bin/../lib/gcc/arm-none-eabi/11.3.1/../../../../arm-none-eabi/lib/thumb/v7e-m+fp/hard\libc_nano.a(libc_a-vsnprintf.o)
                0x0000000008002954                _vsniprintf_r
                0x0000000008002954                _vsnprintf_r
 *fill*         0x00000000080029aa        0x2 
 .text.vsnprintf
                0x00000000080029ac       0x1c C:/ST/STM32CubeIDE_1.14.0/STM32CubeIDE/plugins/com.st.stm32cube.ide.mcu.externaltools.gnu-tools-for-stm32.11.3.rel1.win32_1.1.100.202309141235/tools/bin/../lib/gcc/arm-none-eabi/11.3.1/../../../../arm-none-eabi/lib/thumb/v7e-m+fp/hard\libc_nano.a(libc_a-vsnprintf.o)
                0x00000000080029ac                vsniprintf
                0x00000000080029ac                vsnprintf
 .text.memset   0x00000000080029c8       0x10 C:/ST/STM32CubeIDE_1.14.0/STM32CubeIDE/plugins/com.st.stm32cube.ide.mcu.externaltools.gnu-tools-for-stm32.11.3.rel1.win32_1.1.100.202309141235/tools/bin/../lib/gcc/arm-none-eabi/11.3.1/../../../../arm-none-eabi/lib/thumb/v7e-m+fp/hard\libc_nano.a(libc_a-memset.o)
                0x00000000080029c8                memset
 .text.__errno  0x00000000080029d8        0xc C:/ST/STM32CubeIDE_1.14.0/STM32CubeIDE/plugins/com.st.stm32cube.ide.mcu.externaltools.gnu-tools-for-stm32.11.3.rel1.win32_1.1.100.202309141235/tools/bin/../lib/gcc/arm-none-eabi/11.3.1/../../../../arm-none-eabi/lib/thumb/v7e-m+fp/hard\libc_nano.a(libc_a-errno.o)
                0x00000000080029d8                __errno
 .text.__libc_init_array
                0x00000000080029e4       0x48 C:/ST/STM32CubeIDE_1.14.0/STM32CubeIDE/plugins/com.st.stm32cube.ide.mcu.externaltools.gnu-tools-for-stm32.11.3.rel1.win32_1.1.100.202309141235/tools/bin/../lib/gcc/arm-none-eabi/11.3.1/../../../../arm-none-eabi/lib/thumb/v7e-m+fp/hard\libc_nano.a(libc_a-init.o)
                0x00000000080029e4                __libc_init_array
 .text.__retarget_lock_acquire_recursive
                0x0000000008002a2c        0x2 C:/ST/STM32CubeIDE_1.14.0/STM32CubeIDE/plugins/com.st.stm32cube.ide.mcu.externaltools.gnu-tools-for-stm32.11.3.rel1.win32_1.1.100.202309141235/tools/bin/../lib/gcc/arm-none-eabi/11.3.1/../../../../arm-none-eabi/lib/thumb/v7e-m+fp/hard\libc_nano.a(libc_a-lock.o)
                0x0000000008002a2c                __retarget_lock_acquire_recursive
 .text.__retarget_lock_release_recursive
                0x0000000008002a2e        0x2 C:/ST/STM32CubeIDE_1.14.0/STM32CubeIDE/plugins/com.st.stm32cube.ide.mcu.externaltools.gnu-tools-for-stm32.11.3.rel1.win32_1.1.100.202309141235/tools/bin/../lib/gcc/arm-none-eabi/11.3.1/../../../../arm-none-eabi/lib/thumb/v7e-m+fp/hard\libc_nano.a(libc_a-lock.o)
                0x0000000008002a2e                __retarget_lock_release_recursive
 .text.memcpy   0x0000000008002a30       0x1c C:/ST/STM32CubeIDE_1.14.0/STM32CubeIDE/plugins/com.st.stm32cube.ide.mcu.externaltools.gnu-tools-for-stm32.11.3.rel1.win32_1.1.100.202309141235/tools/bin/../lib/gcc/arm-none-eabi/11.3.1/../../../../arm-none-eabi/lib/thumb/v7e-m+fp/hard\libc_nano.a(libc_a-memcpy-stub.o)
                0x0000000008002a30                memcpy
 .text._free_r  0x0000000008002a4c       0x98 C:/ST/STM32CubeIDE_1.14.0/STM32CubeIDE/plugins/com.st.stm32cube.ide.mcu.externaltools.gnu-tools-for-stm32.11.3.rel1.win32_1.1.100.202309141235/tools/bin/../lib/gcc/arm-none-eabi/11.3.1/../../../../arm-none-eabi/lib/thumb/v7e-m+fp/hard\libc_nano.a(libc_a-freer.o)
                0x0000000008002a4c                _free_r
 .text.sbrk_aligned
                0x0000000008002ae4       0x40 C:/ST/STM32CubeIDE_1.14.0/STM32CubeIDE/plugins/com.st.stm32cube.ide.mcu.externaltools.gnu-tools-for-stm32.11.3.rel1.win32_1.1.100.202309141235/tools/bin/../lib/gcc/arm-none-eabi/11.3.1/../../../../arm-none-eabi/lib/thumb/v7e-m+fp/hard\libc_nano.a(libc_a-mallocr.o)
 .text._malloc_r
                0x0000000008002b24      0x100 C:/ST/STM32CubeIDE_1.14.0/STM32CubeIDE/plugins/com.st.stm32cube.ide.mcu.externaltools.gnu-tools-for-stm32.11.3.rel1.win32_1.1.100.202309141235/tools/bin/../lib/gcc/arm-none-eabi/11.3.1/../../../../arm-none-eabi/lib/thumb/v7e-m+fp/hard\libc_nano.a(libc_a-mallocr.o)
                0x0000000008002b24                _malloc_r
 .text.__malloc_lock
                0x0000000008002c24        0xc C:/ST/STM32CubeIDE_1.14.0/STM32CubeIDE/plugins/com.st.stm32cube.ide.mcu.externaltools.gnu-tools-for-stm32.11.3.rel1.win32_1.1.100.202309141235/tools/bin/../lib/gcc/arm-none-eabi/11.3.1/../../../../arm-none-eabi/lib/thumb/v7e-m+fp/hard\libc_nano.a(libc_a-mlock.o)
                0x0000000008002c24                __malloc_lock
 .text.__malloc_unlock
                0x0000000008002c30        0xc C:/ST/STM32CubeIDE_1.14.0/STM32CubeIDE/plugins/com.st.stm32cube.ide.mcu.externaltools.gnu-tools-for-stm32.11.3.rel1.win32_1.1.100.202309141235/tools/bin/../lib/gcc/arm-none-eabi/11.3.1/../../../../arm-none-eabi/lib/thumb/v7e-m+fp/hard\libc_nano.a(libc_a-mlock.o)
                0x0000000008002c30                __malloc_unlock
 .text.__ssputs_r
                0x0000000008002c3c       0xb4 C:/ST/STM32CubeIDE_1.14.0/STM32CubeIDE/plugins/com.st.stm32cube.ide.mcu.externaltools.gnu-tools-for-stm32.11.3.rel1.win32_1.1.100.202309141235/tools/bin/../lib/gcc/arm-none-eabi/11.3.1/../../../../arm-none-eabi/lib/thumb/v7e-m+fp/hard\libc_nano.a(libc_a-nano-svfprintf.o)
                0x0000000008002c3c                __ssputs_r
 .text._svfprintf_r
                0x0000000008002cf0      0x1fc C:/ST/STM32CubeIDE_1.14.0/STM32CubeIDE/plugins/com.st.stm32cube.ide.mcu.externaltools.gnu-tools-for-stm32.11.3.rel1.win32_1.1.100.202309141235/tools/bin/../lib/gcc/arm-none-eabi/11.3.1/../../../../arm-none-eabi/lib/thumb/v7e-m+fp/hard\libc_nano.a(libc_a-nano-svfprintf.o)
                0x0000000008002cf0                _svfiprintf_r
                0x0000000008002cf0                _svfprintf_r
 .text._printf_common
                0x0000000008002eec       0xda C:/ST/STM32CubeIDE_1.14.0/STM32CubeIDE/plugins/com.st.stm32cube.ide.mcu.externaltools.gnu-tools-for-stm32.11.3.rel1.win32_1.1.100.202309141235/tools/bin/../lib/gcc/arm-none-eabi/11.3.1/../../../../arm-none-eabi/lib/thumb/v7e-m+fp/hard\libc_nano.a(libc_a-nano-vfprintf_i.o)
                0x0000000008002eec                _printf_common
 *fill*         0x0000000008002fc6        0x2 
 .text._printf_i
                0x0000000008002fc8      0x244 C:/ST/STM32CubeIDE_1.14.0/STM32CubeIDE/plugins/com.st.stm32cube.ide.mcu.externaltools.gnu-tools-for-stm32.11.3.rel1.win32_1.1.100.202309141235/tools/bin/../lib/gcc/arm-none-eabi/11.3.1/../../../../arm-none-eabi/lib/thumb/v7e-m+fp/hard\libc_nano.a(libc_a-nano-vfprintf_i.o)
                0x0000000008002fc8                _printf_i
 .text.memmove  0x000000000800320c       0x34 C:/ST/STM32CubeIDE_1.14.0/STM32CubeIDE/plugins/com.st.stm32cube.ide.mcu.externaltools.gnu-tools-for-stm32.11.3.rel1.win32_1.1.100.202309141235/tools/bin/../lib/gcc/arm-none-eabi/11.3.1/../../../../arm-none-eabi/lib/thumb/v7e-m+fp/hard\libc_nano.a(libc_a-memmove.o)
                0x000000000800320c                memmove
 .text._sbrk_r  0x0000000008003240       0x20 C:/ST/STM32CubeIDE_1.14.0/STM32CubeIDE/plugins/com.st.stm32cube.ide.mcu.externaltools.gnu-tools-for-stm32.11.3.rel1.win32_1.1.100.202309141235/tools/bin/../lib/gcc/arm-none-eabi/11.3.1/../../../../arm-none-eabi/lib/thumb/v7e-m+fp/hard\libc_nano.a(libc_a-sbrkr.o)
                0x0000000008003240                _sbrk_r
 .text._realloc_r
                0x0000000008003260       0x5e C:/ST/STM32CubeIDE_1.14.0/STM32CubeIDE/plugins/com.st.stm32cube.ide.mcu.externaltools.gnu-tools-for-stm32.11.3.rel1.win32_1.1.100.202309141235/tools/bin/../lib/gcc/arm-none-eabi/11.3.1/../../../../arm-none-eabi/lib/thumb/v7e-m+fp/hard\libc_nano.a(libc_a-reallocr.o)
                0x0000000008003260                _realloc_r
 .text._malloc_usable_size_r
                0x00000000080032be       0x10 C:/ST/STM32CubeIDE_1.14.0/STM32CubeIDE/plugins/com.st.stm32cube.ide.mcu.externaltools.gnu-tools-for-stm32.11.3.rel1.win32_1.1.100.202309141235/tools/bin/../lib/gcc/arm-none-eabi/11.3.1/../../../../arm-none-eabi/lib/thumb/v7e-m+fp/hard\libc_nano.a(libc_a-msizer.o)
                0x00000000080032be                _malloc_usable_size_r
 *(.glue_7)
 .glue_7        0x00000000080032ce        0x0 linker stubs
 *(.glue_7t)
 .glue_7t       0x00000000080032ce        0x0 linker stubs
 *(.eh_frame)
 *fill*         0x00000000080032ce        0x2 
 .eh_frame      0x00000000080032d0        0x0 C:/ST/STM32CubeIDE_1.14.0/STM32CubeIDE/plugins/com.st.stm32cube.ide.mcu.externaltools.gnu-tools-for-stm32.11.3.rel1.win32_1.1.100.202309141235/tools/bin/../lib/gcc/arm-none-eabi/11.3.1/thumb/v7e-m+fp/hard/crtbegin.o
 *(.init)
 .init          0x00000000080032d0        0x4 C:/ST/STM32CubeIDE_1.14.0/STM32CubeIDE/plugins/com.st.stm32cube.ide.mcu.externaltools.gnu-tools-for-stm32.11.3.rel1.win32_1.1.100.202309141235/tools/bin/../lib/gcc/arm-none-eabi/11.3.1/thumb/v7e-m+fp/hard/crti.o
                0x00000000080032d0                _init
 .init          0x00000000080032d4        0x8 C:/ST/STM32CubeIDE_1.14.0/STM32CubeIDE/plugins/com.st.stm32cube.ide.mcu.externaltools.gnu-tools-for-stm32.11.3.rel1.win32_1.1.100.202309141235/tools/bin/../lib/gcc/arm-none-eabi/11.3.1/thumb/v7e-m+fp/hard/crtn.o
 *(.fini)
 .fini          0x00000000080032dc        0x4 C:/ST/STM32CubeIDE_1.14.0/STM32CubeIDE/plugins/com.st.stm32cube.ide.mcu.externaltools.gnu-tools-for-stm32.11.3.rel1.win32_1.1.100.202309141235/tools/bin/../lib/gcc/arm-none-eabi/11.3.1/thumb/v7e-m+fp/hard/crti.o
                0x00000000080032dc                _fini
 .fini          0x00000000080032e0        0x8 C:/ST/STM32CubeIDE_1.14.0/STM32CubeIDE/plugins/com.st.stm32cube.ide.mcu.externaltools.gnu-tools-for-stm32.11.3.rel1.win32_1.1.100.202309141235/tools/bin/../lib/gcc/arm-none-eabi/11.3.1/thumb/v7e-m+fp/hard/crtn.o
                0x00000000080032e8                . = ALIGN (0x4)
                0x00000000080032e8                _etext = .

.vfp11_veneer   0x00000000080032e8        0x0
 .vfp11_veneer  0x00000000080032e8        0x0 linker stubs

.v4_bx          0x00000000080032e8        0x0
 .v4_bx         0x00000000080032e8        0x0 linker stubs

.iplt           0x00000000080032e8        0x0
 .iplt          0x00000000080032e8        0x0 C:/ST/STM32CubeIDE_1.14.0/STM32CubeIDE/plugins/com.st.stm32cube.ide.mcu.externaltools.gnu-tools-for-stm32.11.3.rel1.win32_1.1.100.202309141235/tools/bin/../lib/gcc/arm-none-eabi/11.3.1/thumb/v7e-m+fp/hard/crtbegin.o

.rodata         0x00000000080032e8      0x264
                0x00000000080032e8                . = ALIGN (0x4)
 *(.rodata)
 *(.rodata*)
 .rodata.Table_CRC_Hi
                0x00000000080032e8      0x100 ./Core/Src/ayLib/CRC16/src/crc16AY.o
                0x00000000080032e8                Table_CRC_Hi
 .rodata.Table_CRC_Lo
                0x00000000080033e8      0x100 ./Core/Src/ayLib/CRC16/src/crc16AY.o
                0x00000000080033e8                Table_CRC_Lo
 .rodata.main.str1.4
                0x00000000080034e8       0x17 ./Core/Src/main.o
 *fill*         0x00000000080034ff        0x1 
 .rodata.AHBPrescTable
                0x0000000008003500       0x10 ./Core/Src/system_stm32f4xx.o
                0x0000000008003500                AHBPrescTable
 .rodata.APBPrescTable
                0x0000000008003510        0x8 ./Core/Src/system_stm32f4xx.o
                0x0000000008003510                APBPrescTable
 .rodata._svfprintf_r.str1.1
                0x0000000008003518       0x11 C:/ST/STM32CubeIDE_1.14.0/STM32CubeIDE/plugins/com.st.stm32cube.ide.mcu.externaltools.gnu-tools-for-stm32.11.3.rel1.win32_1.1.100.202309141235/tools/bin/../lib/gcc/arm-none-eabi/11.3.1/../../../../arm-none-eabi/lib/thumb/v7e-m+fp/hard\libc_nano.a(libc_a-nano-svfprintf.o)
 .rodata._printf_i.str1.1
                0x0000000008003529       0x22 C:/ST/STM32CubeIDE_1.14.0/STM32CubeIDE/plugins/com.st.stm32cube.ide.mcu.externaltools.gnu-tools-for-stm32.11.3.rel1.win32_1.1.100.202309141235/tools/bin/../lib/gcc/arm-none-eabi/11.3.1/../../../../arm-none-eabi/lib/thumb/v7e-m+fp/hard\libc_nano.a(libc_a-nano-vfprintf_i.o)
                0x000000000800354c                . = ALIGN (0x4)
 *fill*         0x000000000800354b        0x1 

.ARM.extab      0x000000000800354c        0x0
                0x000000000800354c                . = ALIGN (0x4)
 *(.ARM.extab* .gnu.linkonce.armextab.*)
                0x000000000800354c                . = ALIGN (0x4)

.ARM            0x000000000800354c        0x8
                0x000000000800354c                . = ALIGN (0x4)
                0x000000000800354c                __exidx_start = .
 *(.ARM.exidx*)
 .ARM.exidx     0x000000000800354c        0x8 C:/ST/STM32CubeIDE_1.14.0/STM32CubeIDE/plugins/com.st.stm32cube.ide.mcu.externaltools.gnu-tools-for-stm32.11.3.rel1.win32_1.1.100.202309141235/tools/bin/../lib/gcc/arm-none-eabi/11.3.1/thumb/v7e-m+fp/hard\libgcc.a(_udivmoddi4.o)
                0x0000000008003554                __exidx_end = .
                0x0000000008003554                . = ALIGN (0x4)

.rel.dyn        0x0000000008003554        0x0
 .rel.iplt      0x0000000008003554        0x0 C:/ST/STM32CubeIDE_1.14.0/STM32CubeIDE/plugins/com.st.stm32cube.ide.mcu.externaltools.gnu-tools-for-stm32.11.3.rel1.win32_1.1.100.202309141235/tools/bin/../lib/gcc/arm-none-eabi/11.3.1/thumb/v7e-m+fp/hard/crtbegin.o

.preinit_array  0x0000000008003554        0x0
                0x0000000008003554                . = ALIGN (0x4)
                0x0000000008003554                PROVIDE (__preinit_array_start = .)
 *(.preinit_array*)
                0x0000000008003554                PROVIDE (__preinit_array_end = .)
                0x0000000008003554                . = ALIGN (0x4)

.init_array     0x0000000008003554        0x4
                0x0000000008003554                . = ALIGN (0x4)
                0x0000000008003554                PROVIDE (__init_array_start = .)
 *(SORT_BY_NAME(.init_array.*))
 *(.init_array*)
 .init_array    0x0000000008003554        0x4 C:/ST/STM32CubeIDE_1.14.0/STM32CubeIDE/plugins/com.st.stm32cube.ide.mcu.externaltools.gnu-tools-for-stm32.11.3.rel1.win32_1.1.100.202309141235/tools/bin/../lib/gcc/arm-none-eabi/11.3.1/thumb/v7e-m+fp/hard/crtbegin.o
                0x0000000008003558                PROVIDE (__init_array_end = .)
                0x0000000008003558                . = ALIGN (0x4)

.fini_array     0x0000000008003558        0x4
                0x0000000008003558                . = ALIGN (0x4)
                [!provide]                        PROVIDE (__fini_array_start = .)
 *(SORT_BY_NAME(.fini_array.*))
 *(.fini_array*)
 .fini_array    0x0000000008003558        0x4 C:/ST/STM32CubeIDE_1.14.0/STM32CubeIDE/plugins/com.st.stm32cube.ide.mcu.externaltools.gnu-tools-for-stm32.11.3.rel1.win32_1.1.100.202309141235/tools/bin/../lib/gcc/arm-none-eabi/11.3.1/thumb/v7e-m+fp/hard/crtbegin.o
                [!provide]                        PROVIDE (__fini_array_end = .)
                0x000000000800355c                . = ALIGN (0x4)
                0x000000000800355c                _sidata = LOADADDR (.data)

.data           0x0000000020000000       0x5c load address 0x000000000800355c
                0x0000000020000000                . = ALIGN (0x4)
                0x0000000020000000                _sdata = .
 *(.data)
 *(.data*)
 .data.SystemCoreClock
                0x0000000020000000        0x4 ./Core/Src/system_stm32f4xx.o
                0x0000000020000000                SystemCoreClock
 .data.uwTickFreq
                0x0000000020000004        0x1 ./Drivers/STM32F4xx_HAL_Driver/Src/stm32f4xx_hal.o
                0x0000000020000004                uwTickFreq
 *fill*         0x0000000020000005        0x3 
 .data.uwTickPrio
                0x0000000020000008        0x4 ./Drivers/STM32F4xx_HAL_Driver/Src/stm32f4xx_hal.o
                0x0000000020000008                uwTickPrio
 .data._impure_data
                0x000000002000000c       0x4c C:/ST/STM32CubeIDE_1.14.0/STM32CubeIDE/plugins/com.st.stm32cube.ide.mcu.externaltools.gnu-tools-for-stm32.11.3.rel1.win32_1.1.100.202309141235/tools/bin/../lib/gcc/arm-none-eabi/11.3.1/../../../../arm-none-eabi/lib/thumb/v7e-m+fp/hard\libc_nano.a(libc_a-impure.o)
                0x000000002000000c                _impure_data
 .data._impure_ptr
                0x0000000020000058        0x4 C:/ST/STM32CubeIDE_1.14.0/STM32CubeIDE/plugins/com.st.stm32cube.ide.mcu.externaltools.gnu-tools-for-stm32.11.3.rel1.win32_1.1.100.202309141235/tools/bin/../lib/gcc/arm-none-eabi/11.3.1/../../../../arm-none-eabi/lib/thumb/v7e-m+fp/hard\libc_nano.a(libc_a-impure.o)
                0x0000000020000058                _impure_ptr
 *(.RamFunc)
 *(.RamFunc*)
                0x000000002000005c                . = ALIGN (0x4)
                0x000000002000005c                _edata = .
                0x00000000080035b8                _siccmram = LOADADDR (.ccmram)

.igot.plt       0x000000002000005c        0x0 load address 0x00000000080035b8
 .igot.plt      0x000000002000005c        0x0 C:/ST/STM32CubeIDE_1.14.0/STM32CubeIDE/plugins/com.st.stm32cube.ide.mcu.externaltools.gnu-tools-for-stm32.11.3.rel1.win32_1.1.100.202309141235/tools/bin/../lib/gcc/arm-none-eabi/11.3.1/thumb/v7e-m+fp/hard/crtbegin.o

.ccmram         0x0000000010000000        0x0 load address 0x00000000080035b8
                0x0000000010000000                . = ALIGN (0x4)
                0x0000000010000000                _sccmram = .
 *(.ccmram)
 *(.ccmram*)
                0x0000000010000000                . = ALIGN (0x4)
                0x0000000010000000                _eccmram = .
                0x0000000010000000                . = ALIGN (0x4)

.bss            0x000000002000005c     0x12bc
                0x000000002000005c                _sbss = .
                0x000000002000005c                __bss_start__ = _sbss
 *(.bss)
 .bss           0x000000002000005c       0x1c C:/ST/STM32CubeIDE_1.14.0/STM32CubeIDE/plugins/com.st.stm32cube.ide.mcu.externaltools.gnu-tools-for-stm32.11.3.rel1.win32_1.1.100.202309141235/tools/bin/../lib/gcc/arm-none-eabi/11.3.1/thumb/v7e-m+fp/hard/crtbegin.o
 *(.bss*)
 .bss.degerler  0x0000000020000078       0x26 ./Core/Src/ayLib/modbus/src/modbusAY.o
                0x0000000020000078                degerler
 *fill*         0x000000002000009e        0x2 
 .bss.degerler2
                0x00000000200000a0       0x1e ./Core/Src/ayLib/modbus/src/modbusAY.o
                0x00000000200000a0                degerler2
 *fill*         0x00000000200000be        0x2 
 .bss.errorTime
                0x00000000200000c0        0xc ./Core/Src/ayLib/modbus/src/modbusAY.o
                0x00000000200000c0                errorTime
 .bss.idleTime  0x00000000200000cc        0xc ./Core/Src/ayLib/modbus/src/modbusAY.o
                0x00000000200000cc                idleTime
 .bss.sonuc     0x00000000200000d8        0x1 ./Core/Src/ayLib/modbus/src/modbusAY.o
                0x00000000200000d8                sonuc
 *fill*         0x00000000200000d9        0x3 
 .bss.waitResponseTime
                0x00000000200000dc        0xc ./Core/Src/ayLib/modbus/src/modbusAY.o
                0x00000000200000dc                waitResponseTime
 .bss.msTick    0x00000000200000e8        0x4 ./Core/Src/ayLib/timer/src/timerAY.o
                0x00000000200000e8                msTick
 .bss.arg       0x00000000200000ec        0x4 ./Core/Src/ayLib/uart/src/uartAY.o
                0x00000000200000ec                arg
 .bss.printBuffer
                0x00000000200000f0      0x400 ./Core/Src/ayLib/uart/src/uartAY.o
                0x00000000200000f0                printBuffer
 .bss.uartComm  0x00000000200004f0        0xc ./Core/Src/ayLib/uart/src/uartAY.o
                0x00000000200004f0                uartComm
 .bss.usartCommReceiveBuff
                0x00000000200004fc       0x10 ./Core/Src/ayLib/uart/src/uartAY.o
                0x00000000200004fc                usartCommReceiveBuff
 .bss.usartCommReceiveBuffer
                0x000000002000050c      0x400 ./Core/Src/ayLib/uart/src/uartAY.o
                0x000000002000050c                usartCommReceiveBuffer
 .bss.usartCommTransmitBuff
                0x000000002000090c       0x10 ./Core/Src/ayLib/uart/src/uartAY.o
                0x000000002000090c                usartCommTransmitBuff
 .bss.usartCommTransmitBuffer
                0x000000002000091c      0x400 ./Core/Src/ayLib/uart/src/uartAY.o
                0x000000002000091c                usartCommTransmitBuffer
 .bss.usartReceiveBuff
                0x0000000020000d1c        0x4 ./Core/Src/ayLib/uart/src/uartAY.o
                0x0000000020000d1c                usartReceiveBuff
 .bss.usartTransmitBuff
                0x0000000020000d20        0x4 ./Core/Src/ayLib/uart/src/uartAY.o
                0x0000000020000d20                usartTransmitBuff
 .bss.htim2     0x0000000020000d24       0x48 ./Core/Src/main.o
                0x0000000020000d24                htim2
 .bss.huart2    0x0000000020000d6c       0x44 ./Core/Src/main.o
                0x0000000020000d6c                huart2
 .bss.modbus    0x0000000020000db0      0x418 ./Core/Src/main.o
                0x0000000020000db0                modbus
 .bss.__sbrk_heap_end
                0x00000000200011c8        0x4 ./Core/Src/sysmem.o
 .bss.uwTick    0x00000000200011cc        0x4 ./Drivers/STM32F4xx_HAL_Driver/Src/stm32f4xx_hal.o
                0x00000000200011cc                uwTick
 .bss.__sf      0x00000000200011d0      0x138 C:/ST/STM32CubeIDE_1.14.0/STM32CubeIDE/plugins/com.st.stm32cube.ide.mcu.externaltools.gnu-tools-for-stm32.11.3.rel1.win32_1.1.100.202309141235/tools/bin/../lib/gcc/arm-none-eabi/11.3.1/../../../../arm-none-eabi/lib/thumb/v7e-m+fp/hard\libc_nano.a(libc_a-findfp.o)
                0x00000000200011d0                __sf
 .bss.errno     0x0000000020001308        0x4 C:/ST/STM32CubeIDE_1.14.0/STM32CubeIDE/plugins/com.st.stm32cube.ide.mcu.externaltools.gnu-tools-for-stm32.11.3.rel1.win32_1.1.100.202309141235/tools/bin/../lib/gcc/arm-none-eabi/11.3.1/../../../../arm-none-eabi/lib/thumb/v7e-m+fp/hard\libc_nano.a(libc_a-reent.o)
                0x0000000020001308                errno
 .bss.__lock___malloc_recursive_mutex
                0x000000002000130c        0x1 C:/ST/STM32CubeIDE_1.14.0/STM32CubeIDE/plugins/com.st.stm32cube.ide.mcu.externaltools.gnu-tools-for-stm32.11.3.rel1.win32_1.1.100.202309141235/tools/bin/../lib/gcc/arm-none-eabi/11.3.1/../../../../arm-none-eabi/lib/thumb/v7e-m+fp/hard\libc_nano.a(libc_a-lock.o)
                0x000000002000130c                __lock___malloc_recursive_mutex
 *fill*         0x000000002000130d        0x3 
 .bss.__malloc_free_list
                0x0000000020001310        0x4 C:/ST/STM32CubeIDE_1.14.0/STM32CubeIDE/plugins/com.st.stm32cube.ide.mcu.externaltools.gnu-tools-for-stm32.11.3.rel1.win32_1.1.100.202309141235/tools/bin/../lib/gcc/arm-none-eabi/11.3.1/../../../../arm-none-eabi/lib/thumb/v7e-m+fp/hard\libc_nano.a(libc_a-mallocr.o)
                0x0000000020001310                __malloc_free_list
 .bss.__malloc_sbrk_start
                0x0000000020001314        0x4 C:/ST/STM32CubeIDE_1.14.0/STM32CubeIDE/plugins/com.st.stm32cube.ide.mcu.externaltools.gnu-tools-for-stm32.11.3.rel1.win32_1.1.100.202309141235/tools/bin/../lib/gcc/arm-none-eabi/11.3.1/../../../../arm-none-eabi/lib/thumb/v7e-m+fp/hard\libc_nano.a(libc_a-mallocr.o)
                0x0000000020001314                __malloc_sbrk_start
 *(COMMON)
                0x0000000020001318                . = ALIGN (0x4)
                0x0000000020001318                _ebss = .
                0x0000000020001318                __bss_end__ = _ebss

._user_heap_stack
                0x0000000020001318      0x600
                0x0000000020001318                . = ALIGN (0x8)
                [!provide]                        PROVIDE (end = .)
                0x0000000020001318                PROVIDE (_end = .)
                0x0000000020001518                . = (. + _Min_Heap_Size)
 *fill*         0x0000000020001318      0x200 
                0x0000000020001918                . = (. + _Min_Stack_Size)
 *fill*         0x0000000020001518      0x400 
                0x0000000020001918                . = ALIGN (0x8)

/DISCARD/
 libc.a(*)
 libm.a(*)
 libgcc.a(*)

.ARM.attributes
                0x0000000000000000       0x30
 *(.ARM.attributes)
 .ARM.attributes
                0x0000000000000000       0x1e C:/ST/STM32CubeIDE_1.14.0/STM32CubeIDE/plugins/com.st.stm32cube.ide.mcu.externaltools.gnu-tools-for-stm32.11.3.rel1.win32_1.1.100.202309141235/tools/bin/../lib/gcc/arm-none-eabi/11.3.1/thumb/v7e-m+fp/hard/crti.o
 .ARM.attributes
                0x000000000000001e       0x34 C:/ST/STM32CubeIDE_1.14.0/STM32CubeIDE/plugins/com.st.stm32cube.ide.mcu.externaltools.gnu-tools-for-stm32.11.3.rel1.win32_1.1.100.202309141235/tools/bin/../lib/gcc/arm-none-eabi/11.3.1/thumb/v7e-m+fp/hard/crtbegin.o
 .ARM.attributes
                0x0000000000000052       0x34 ./Core/Src/ayLib/CRC16/src/crc16AY.o
 .ARM.attributes
                0x0000000000000086       0x34 ./Core/Src/ayLib/modbus/src/modbusAY.o
 .ARM.attributes
                0x00000000000000ba       0x34 ./Core/Src/ayLib/ringBuffer/src/ringBufferAY.o
 .ARM.attributes
                0x00000000000000ee       0x34 ./Core/Src/ayLib/timer/src/timerAY.o
 .ARM.attributes
                0x0000000000000122       0x34 ./Core/Src/ayLib/uart/src/uartAY.o
 .ARM.attributes
                0x0000000000000156       0x34 ./Core/Src/main.o
 .ARM.attributes
                0x000000000000018a       0x34 ./Core/Src/stm32f4xx_hal_msp.o
 .ARM.attributes
                0x00000000000001be       0x34 ./Core/Src/stm32f4xx_it.o
 .ARM.attributes
                0x00000000000001f2       0x34 ./Core/Src/sysmem.o
 .ARM.attributes
                0x0000000000000226       0x34 ./Core/Src/system_stm32f4xx.o
 .ARM.attributes
                0x000000000000025a       0x21 ./Core/Startup/startup_stm32f407vgtx.o
 .ARM.attributes
                0x000000000000027b       0x34 ./Drivers/STM32F4xx_HAL_Driver/Src/stm32f4xx_hal.o
 .ARM.attributes
                0x00000000000002af       0x34 ./Drivers/STM32F4xx_HAL_Driver/Src/stm32f4xx_hal_cortex.o
 .ARM.attributes
                0x00000000000002e3       0x34 ./Drivers/STM32F4xx_HAL_Driver/Src/stm32f4xx_hal_dma.o
 .ARM.attributes
                0x0000000000000317       0x34 ./Drivers/STM32F4xx_HAL_Driver/Src/stm32f4xx_hal_gpio.o
 .ARM.attributes
                0x000000000000034b       0x34 ./Drivers/STM32F4xx_HAL_Driver/Src/stm32f4xx_hal_rcc.o
 .ARM.attributes
                0x000000000000037f       0x34 ./Drivers/STM32F4xx_HAL_Driver/Src/stm32f4xx_hal_tim.o
 .ARM.attributes
                0x00000000000003b3       0x34 ./Drivers/STM32F4xx_HAL_Driver/Src/stm32f4xx_hal_tim_ex.o
 .ARM.attributes
                0x00000000000003e7       0x34 ./Drivers/STM32F4xx_HAL_Driver/Src/stm32f4xx_hal_uart.o
 .ARM.attributes
                0x000000000000041b       0x34 C:/ST/STM32CubeIDE_1.14.0/STM32CubeIDE/plugins/com.st.stm32cube.ide.mcu.externaltools.gnu-tools-for-stm32.11.3.rel1.win32_1.1.100.202309141235/tools/bin/../lib/gcc/arm-none-eabi/11.3.1/../../../../arm-none-eabi/lib/thumb/v7e-m+fp/hard\libc_nano.a(libc_a-findfp.o)
 .ARM.attributes
                0x000000000000044f       0x34 C:/ST/STM32CubeIDE_1.14.0/STM32CubeIDE/plugins/com.st.stm32cube.ide.mcu.externaltools.gnu-tools-for-stm32.11.3.rel1.win32_1.1.100.202309141235/tools/bin/../lib/gcc/arm-none-eabi/11.3.1/../../../../arm-none-eabi/lib/thumb/v7e-m+fp/hard\libc_nano.a(libc_a-vsnprintf.o)
 .ARM.attributes
                0x0000000000000483       0x34 C:/ST/STM32CubeIDE_1.14.0/STM32CubeIDE/plugins/com.st.stm32cube.ide.mcu.externaltools.gnu-tools-for-stm32.11.3.rel1.win32_1.1.100.202309141235/tools/bin/../lib/gcc/arm-none-eabi/11.3.1/../../../../arm-none-eabi/lib/thumb/v7e-m+fp/hard\libc_nano.a(libc_a-memset.o)
 .ARM.attributes
                0x00000000000004b7       0x34 C:/ST/STM32CubeIDE_1.14.0/STM32CubeIDE/plugins/com.st.stm32cube.ide.mcu.externaltools.gnu-tools-for-stm32.11.3.rel1.win32_1.1.100.202309141235/tools/bin/../lib/gcc/arm-none-eabi/11.3.1/../../../../arm-none-eabi/lib/thumb/v7e-m+fp/hard\libc_nano.a(libc_a-reent.o)
 .ARM.attributes
                0x00000000000004eb       0x34 C:/ST/STM32CubeIDE_1.14.0/STM32CubeIDE/plugins/com.st.stm32cube.ide.mcu.externaltools.gnu-tools-for-stm32.11.3.rel1.win32_1.1.100.202309141235/tools/bin/../lib/gcc/arm-none-eabi/11.3.1/../../../../arm-none-eabi/lib/thumb/v7e-m+fp/hard\libc_nano.a(libc_a-impure.o)
 .ARM.attributes
                0x000000000000051f       0x34 C:/ST/STM32CubeIDE_1.14.0/STM32CubeIDE/plugins/com.st.stm32cube.ide.mcu.externaltools.gnu-tools-for-stm32.11.3.rel1.win32_1.1.100.202309141235/tools/bin/../lib/gcc/arm-none-eabi/11.3.1/../../../../arm-none-eabi/lib/thumb/v7e-m+fp/hard\libc_nano.a(libc_a-errno.o)
 .ARM.attributes
                0x0000000000000553       0x34 C:/ST/STM32CubeIDE_1.14.0/STM32CubeIDE/plugins/com.st.stm32cube.ide.mcu.externaltools.gnu-tools-for-stm32.11.3.rel1.win32_1.1.100.202309141235/tools/bin/../lib/gcc/arm-none-eabi/11.3.1/../../../../arm-none-eabi/lib/thumb/v7e-m+fp/hard\libc_nano.a(libc_a-init.o)
 .ARM.attributes
                0x0000000000000587       0x34 C:/ST/STM32CubeIDE_1.14.0/STM32CubeIDE/plugins/com.st.stm32cube.ide.mcu.externaltools.gnu-tools-for-stm32.11.3.rel1.win32_1.1.100.202309141235/tools/bin/../lib/gcc/arm-none-eabi/11.3.1/../../../../arm-none-eabi/lib/thumb/v7e-m+fp/hard\libc_nano.a(libc_a-lock.o)
 .ARM.attributes
                0x00000000000005bb       0x34 C:/ST/STM32CubeIDE_1.14.0/STM32CubeIDE/plugins/com.st.stm32cube.ide.mcu.externaltools.gnu-tools-for-stm32.11.3.rel1.win32_1.1.100.202309141235/tools/bin/../lib/gcc/arm-none-eabi/11.3.1/../../../../arm-none-eabi/lib/thumb/v7e-m+fp/hard\libc_nano.a(libc_a-memcpy-stub.o)
 .ARM.attributes
                0x00000000000005ef       0x34 C:/ST/STM32CubeIDE_1.14.0/STM32CubeIDE/plugins/com.st.stm32cube.ide.mcu.externaltools.gnu-tools-for-stm32.11.3.rel1.win32_1.1.100.202309141235/tools/bin/../lib/gcc/arm-none-eabi/11.3.1/../../../../arm-none-eabi/lib/thumb/v7e-m+fp/hard\libc_nano.a(libc_a-freer.o)
 .ARM.attributes
                0x0000000000000623       0x34 C:/ST/STM32CubeIDE_1.14.0/STM32CubeIDE/plugins/com.st.stm32cube.ide.mcu.externaltools.gnu-tools-for-stm32.11.3.rel1.win32_1.1.100.202309141235/tools/bin/../lib/gcc/arm-none-eabi/11.3.1/../../../../arm-none-eabi/lib/thumb/v7e-m+fp/hard\libc_nano.a(libc_a-mallocr.o)
 .ARM.attributes
                0x0000000000000657       0x34 C:/ST/STM32CubeIDE_1.14.0/STM32CubeIDE/plugins/com.st.stm32cube.ide.mcu.externaltools.gnu-tools-for-stm32.11.3.rel1.win32_1.1.100.202309141235/tools/bin/../lib/gcc/arm-none-eabi/11.3.1/../../../../arm-none-eabi/lib/thumb/v7e-m+fp/hard\libc_nano.a(libc_a-mlock.o)
 .ARM.attributes
                0x000000000000068b       0x34 C:/ST/STM32CubeIDE_1.14.0/STM32CubeIDE/plugins/com.st.stm32cube.ide.mcu.externaltools.gnu-tools-for-stm32.11.3.rel1.win32_1.1.100.202309141235/tools/bin/../lib/gcc/arm-none-eabi/11.3.1/../../../../arm-none-eabi/lib/thumb/v7e-m+fp/hard\libc_nano.a(libc_a-nano-svfprintf.o)
 .ARM.attributes
                0x00000000000006bf       0x34 C:/ST/STM32CubeIDE_1.14.0/STM32CubeIDE/plugins/com.st.stm32cube.ide.mcu.externaltools.gnu-tools-for-stm32.11.3.rel1.win32_1.1.100.202309141235/tools/bin/../lib/gcc/arm-none-eabi/11.3.1/../../../../arm-none-eabi/lib/thumb/v7e-m+fp/hard\libc_nano.a(libc_a-nano-vfprintf_i.o)
 .ARM.attributes
                0x00000000000006f3       0x34 C:/ST/STM32CubeIDE_1.14.0/STM32CubeIDE/plugins/com.st.stm32cube.ide.mcu.externaltools.gnu-tools-for-stm32.11.3.rel1.win32_1.1.100.202309141235/tools/bin/../lib/gcc/arm-none-eabi/11.3.1/../../../../arm-none-eabi/lib/thumb/v7e-m+fp/hard\libc_nano.a(libc_a-memmove.o)
 .ARM.attributes
                0x0000000000000727       0x34 C:/ST/STM32CubeIDE_1.14.0/STM32CubeIDE/plugins/com.st.stm32cube.ide.mcu.externaltools.gnu-tools-for-stm32.11.3.rel1.win32_1.1.100.202309141235/tools/bin/../lib/gcc/arm-none-eabi/11.3.1/../../../../arm-none-eabi/lib/thumb/v7e-m+fp/hard\libc_nano.a(libc_a-sbrkr.o)
 .ARM.attributes
                0x000000000000075b       0x1c C:/ST/STM32CubeIDE_1.14.0/STM32CubeIDE/plugins/com.st.stm32cube.ide.mcu.externaltools.gnu-tools-for-stm32.11.3.rel1.win32_1.1.100.202309141235/tools/bin/../lib/gcc/arm-none-eabi/11.3.1/../../../../arm-none-eabi/lib/thumb/v7e-m+fp/hard\libc_nano.a(libc_a-memchr.o)
 .ARM.attributes
                0x0000000000000777       0x34 C:/ST/STM32CubeIDE_1.14.0/STM32CubeIDE/plugins/com.st.stm32cube.ide.mcu.externaltools.gnu-tools-for-stm32.11.3.rel1.win32_1.1.100.202309141235/tools/bin/../lib/gcc/arm-none-eabi/11.3.1/../../../../arm-none-eabi/lib/thumb/v7e-m+fp/hard\libc_nano.a(libc_a-reallocr.o)
 .ARM.attributes
                0x00000000000007ab       0x34 C:/ST/STM32CubeIDE_1.14.0/STM32CubeIDE/plugins/com.st.stm32cube.ide.mcu.externaltools.gnu-tools-for-stm32.11.3.rel1.win32_1.1.100.202309141235/tools/bin/../lib/gcc/arm-none-eabi/11.3.1/../../../../arm-none-eabi/lib/thumb/v7e-m+fp/hard\libc_nano.a(libc_a-msizer.o)
 .ARM.attributes
                0x00000000000007df       0x1e C:/ST/STM32CubeIDE_1.14.0/STM32CubeIDE/plugins/com.st.stm32cube.ide.mcu.externaltools.gnu-tools-for-stm32.11.3.rel1.win32_1.1.100.202309141235/tools/bin/../lib/gcc/arm-none-eabi/11.3.1/thumb/v7e-m+fp/hard\libgcc.a(_aeabi_uldivmod.o)
 .ARM.attributes
                0x00000000000007fd       0x34 C:/ST/STM32CubeIDE_1.14.0/STM32CubeIDE/plugins/com.st.stm32cube.ide.mcu.externaltools.gnu-tools-for-stm32.11.3.rel1.win32_1.1.100.202309141235/tools/bin/../lib/gcc/arm-none-eabi/11.3.1/thumb/v7e-m+fp/hard\libgcc.a(_udivmoddi4.o)
 .ARM.attributes
                0x0000000000000831       0x1e C:/ST/STM32CubeIDE_1.14.0/STM32CubeIDE/plugins/com.st.stm32cube.ide.mcu.externaltools.gnu-tools-for-stm32.11.3.rel1.win32_1.1.100.202309141235/tools/bin/../lib/gcc/arm-none-eabi/11.3.1/thumb/v7e-m+fp/hard\libgcc.a(_dvmd_tls.o)
 .ARM.attributes
                0x000000000000084f       0x1e C:/ST/STM32CubeIDE_1.14.0/STM32CubeIDE/plugins/com.st.stm32cube.ide.mcu.externaltools.gnu-tools-for-stm32.11.3.rel1.win32_1.1.100.202309141235/tools/bin/../lib/gcc/arm-none-eabi/11.3.1/thumb/v7e-m+fp/hard/crtn.o
OUTPUT(Modbus_Master_v.1.0.elf elf32-littlearm)
LOAD linker stubs
LOAD C:/ST/STM32CubeIDE_1.14.0/STM32CubeIDE/plugins/com.st.stm32cube.ide.mcu.externaltools.gnu-tools-for-stm32.11.3.rel1.win32_1.1.100.202309141235/tools/bin/../lib/gcc/arm-none-eabi/11.3.1/../../../../arm-none-eabi/lib/thumb/v7e-m+fp/hard\libc.a
LOAD C:/ST/STM32CubeIDE_1.14.0/STM32CubeIDE/plugins/com.st.stm32cube.ide.mcu.externaltools.gnu-tools-for-stm32.11.3.rel1.win32_1.1.100.202309141235/tools/bin/../lib/gcc/arm-none-eabi/11.3.1/../../../../arm-none-eabi/lib/thumb/v7e-m+fp/hard\libm.a
LOAD C:/ST/STM32CubeIDE_1.14.0/STM32CubeIDE/plugins/com.st.stm32cube.ide.mcu.externaltools.gnu-tools-for-stm32.11.3.rel1.win32_1.1.100.202309141235/tools/bin/../lib/gcc/arm-none-eabi/11.3.1/thumb/v7e-m+fp/hard\libgcc.a

.comment        0x0000000000000000       0x43
 .comment       0x0000000000000000       0x43 C:/ST/STM32CubeIDE_1.14.0/STM32CubeIDE/plugins/com.st.stm32cube.ide.mcu.externaltools.gnu-tools-for-stm32.11.3.rel1.win32_1.1.100.202309141235/tools/bin/../lib/gcc/arm-none-eabi/11.3.1/thumb/v7e-m+fp/hard/crtbegin.o
                                         0x44 (size before relaxing)
 .comment       0x0000000000000043       0x44 ./Core/Src/ayLib/CRC16/src/crc16AY.o
 .comment       0x0000000000000043       0x44 ./Core/Src/ayLib/modbus/src/modbusAY.o
 .comment       0x0000000000000043       0x44 ./Core/Src/ayLib/ringBuffer/src/ringBufferAY.o
 .comment       0x0000000000000043       0x44 ./Core/Src/ayLib/timer/src/timerAY.o
 .comment       0x0000000000000043       0x44 ./Core/Src/ayLib/uart/src/uartAY.o
 .comment       0x0000000000000043       0x44 ./Core/Src/main.o
 .comment       0x0000000000000043       0x44 ./Core/Src/stm32f4xx_hal_msp.o
 .comment       0x0000000000000043       0x44 ./Core/Src/stm32f4xx_it.o
 .comment       0x0000000000000043       0x44 ./Core/Src/sysmem.o
 .comment       0x0000000000000043       0x44 ./Core/Src/system_stm32f4xx.o
 .comment       0x0000000000000043       0x44 ./Drivers/STM32F4xx_HAL_Driver/Src/stm32f4xx_hal.o
 .comment       0x0000000000000043       0x44 ./Drivers/STM32F4xx_HAL_Driver/Src/stm32f4xx_hal_cortex.o
 .comment       0x0000000000000043       0x44 ./Drivers/STM32F4xx_HAL_Driver/Src/stm32f4xx_hal_dma.o
 .comment       0x0000000000000043       0x44 ./Drivers/STM32F4xx_HAL_Driver/Src/stm32f4xx_hal_gpio.o
 .comment       0x0000000000000043       0x44 ./Drivers/STM32F4xx_HAL_Driver/Src/stm32f4xx_hal_rcc.o
 .comment       0x0000000000000043       0x44 ./Drivers/STM32F4xx_HAL_Driver/Src/stm32f4xx_hal_tim.o
 .comment       0x0000000000000043       0x44 ./Drivers/STM32F4xx_HAL_Driver/Src/stm32f4xx_hal_tim_ex.o
 .comment       0x0000000000000043       0x44 ./Drivers/STM32F4xx_HAL_Driver/Src/stm32f4xx_hal_uart.o

.debug_info     0x0000000000000000    0x12577
 .debug_info    0x0000000000000000      0x162 ./Core/Src/ayLib/CRC16/src/crc16AY.o
 .debug_info    0x0000000000000162     0x1248 ./Core/Src/ayLib/modbus/src/modbusAY.o
 .debug_info    0x00000000000013aa      0x2a1 ./Core/Src/ayLib/ringBuffer/src/ringBufferAY.o
 .debug_info    0x000000000000164b      0x1da ./Core/Src/ayLib/timer/src/timerAY.o
 .debug_info    0x0000000000001825      0xaa5 ./Core/Src/ayLib/uart/src/uartAY.o
 .debug_info    0x00000000000022ca     0x15c8 ./Core/Src/main.o
 .debug_info    0x0000000000003892      0xfd7 ./Core/Src/stm32f4xx_hal_msp.o
 .debug_info    0x0000000000004869      0x9c6 ./Core/Src/stm32f4xx_it.o
 .debug_info    0x000000000000522f      0x175 ./Core/Src/sysmem.o
 .debug_info    0x00000000000053a4      0x52b ./Core/Src/system_stm32f4xx.o
 .debug_info    0x00000000000058cf       0x23 ./Core/Startup/startup_stm32f407vgtx.o
 .debug_info    0x00000000000058f2      0x9ea ./Drivers/STM32F4xx_HAL_Driver/Src/stm32f4xx_hal.o
 .debug_info    0x00000000000062dc      0xf97 ./Drivers/STM32F4xx_HAL_Driver/Src/stm32f4xx_hal_cortex.o
 .debug_info    0x0000000000007273      0xadd ./Drivers/STM32F4xx_HAL_Driver/Src/stm32f4xx_hal_dma.o
 .debug_info    0x0000000000007d50      0x708 ./Drivers/STM32F4xx_HAL_Driver/Src/stm32f4xx_hal_gpio.o
 .debug_info    0x0000000000008458      0xa73 ./Drivers/STM32F4xx_HAL_Driver/Src/stm32f4xx_hal_rcc.o
 .debug_info    0x0000000000008ecb     0x3b7d ./Drivers/STM32F4xx_HAL_Driver/Src/stm32f4xx_hal_tim.o
 .debug_info    0x000000000000ca48     0x1a9f ./Drivers/STM32F4xx_HAL_Driver/Src/stm32f4xx_hal_tim_ex.o
 .debug_info    0x000000000000e4e7     0x4090 ./Drivers/STM32F4xx_HAL_Driver/Src/stm32f4xx_hal_uart.o

.debug_abbrev   0x0000000000000000     0x2671
 .debug_abbrev  0x0000000000000000       0xb9 ./Core/Src/ayLib/CRC16/src/crc16AY.o
 .debug_abbrev  0x00000000000000b9      0x2ea ./Core/Src/ayLib/modbus/src/modbusAY.o
 .debug_abbrev  0x00000000000003a3       0xef ./Core/Src/ayLib/ringBuffer/src/ringBufferAY.o
 .debug_abbrev  0x0000000000000492      0x118 ./Core/Src/ayLib/timer/src/timerAY.o
 .debug_abbrev  0x00000000000005aa      0x295 ./Core/Src/ayLib/uart/src/uartAY.o
 .debug_abbrev  0x000000000000083f      0x321 ./Core/Src/main.o
 .debug_abbrev  0x0000000000000b60      0x1fe ./Core/Src/stm32f4xx_hal_msp.o
 .debug_abbrev  0x0000000000000d5e      0x1a7 ./Core/Src/stm32f4xx_it.o
 .debug_abbrev  0x0000000000000f05       0xec ./Core/Src/sysmem.o
 .debug_abbrev  0x0000000000000ff1      0x120 ./Core/Src/system_stm32f4xx.o
 .debug_abbrev  0x0000000000001111       0x12 ./Core/Startup/startup_stm32f407vgtx.o
 .debug_abbrev  0x0000000000001123      0x241 ./Drivers/STM32F4xx_HAL_Driver/Src/stm32f4xx_hal.o
 .debug_abbrev  0x0000000000001364      0x378 ./Drivers/STM32F4xx_HAL_Driver/Src/stm32f4xx_hal_cortex.o
 .debug_abbrev  0x00000000000016dc      0x2c2 ./Drivers/STM32F4xx_HAL_Driver/Src/stm32f4xx_hal_dma.o
 .debug_abbrev  0x000000000000199e      0x204 ./Drivers/STM32F4xx_HAL_Driver/Src/stm32f4xx_hal_gpio.o
 .debug_abbrev  0x0000000000001ba2      0x2c8 ./Drivers/STM32F4xx_HAL_Driver/Src/stm32f4xx_hal_rcc.o
 .debug_abbrev  0x0000000000001e6a      0x26c ./Drivers/STM32F4xx_HAL_Driver/Src/stm32f4xx_hal_tim.o
 .debug_abbrev  0x00000000000020d6      0x26a ./Drivers/STM32F4xx_HAL_Driver/Src/stm32f4xx_hal_tim_ex.o
 .debug_abbrev  0x0000000000002340      0x331 ./Drivers/STM32F4xx_HAL_Driver/Src/stm32f4xx_hal_uart.o

.debug_loclists
                0x0000000000000000     0x91ab
 .debug_loclists
                0x0000000000000000       0x93 ./Core/Src/ayLib/CRC16/src/crc16AY.o
 .debug_loclists
                0x0000000000000093      0x84a ./Core/Src/ayLib/modbus/src/modbusAY.o
 .debug_loclists
                0x00000000000008dd       0xd4 ./Core/Src/ayLib/ringBuffer/src/ringBufferAY.o
 .debug_loclists
                0x00000000000009b1       0x83 ./Core/Src/ayLib/timer/src/timerAY.o
 .debug_loclists
                0x0000000000000a34       0xc6 ./Core/Src/ayLib/uart/src/uartAY.o
 .debug_loclists
                0x0000000000000afa       0x9b ./Core/Src/stm32f4xx_hal_msp.o
 .debug_loclists
                0x0000000000000b95       0x46 ./Core/Src/sysmem.o
 .debug_loclists
                0x0000000000000bdb       0xdb ./Core/Src/system_stm32f4xx.o
 .debug_loclists
                0x0000000000000cb6       0xc9 ./Drivers/STM32F4xx_HAL_Driver/Src/stm32f4xx_hal.o
 .debug_loclists
                0x0000000000000d7f      0x4db ./Drivers/STM32F4xx_HAL_Driver/Src/stm32f4xx_hal_cortex.o
 .debug_loclists
                0x000000000000125a      0x763 ./Drivers/STM32F4xx_HAL_Driver/Src/stm32f4xx_hal_dma.o
 .debug_loclists
                0x00000000000019bd      0x356 ./Drivers/STM32F4xx_HAL_Driver/Src/stm32f4xx_hal_gpio.o
 .debug_loclists
                0x0000000000001d13      0x3a9 ./Drivers/STM32F4xx_HAL_Driver/Src/stm32f4xx_hal_rcc.o
 .debug_loclists
                0x00000000000020bc     0x32f8 ./Drivers/STM32F4xx_HAL_Driver/Src/stm32f4xx_hal_tim.o
 .debug_loclists
                0x00000000000053b4     0x127d ./Drivers/STM32F4xx_HAL_Driver/Src/stm32f4xx_hal_tim_ex.o
 .debug_loclists
                0x0000000000006631     0x2b7a ./Drivers/STM32F4xx_HAL_Driver/Src/stm32f4xx_hal_uart.o

.debug_aranges  0x0000000000000000      0xd18
 .debug_aranges
                0x0000000000000000       0x20 ./Core/Src/ayLib/CRC16/src/crc16AY.o
 .debug_aranges
                0x0000000000000020       0x78 ./Core/Src/ayLib/modbus/src/modbusAY.o
 .debug_aranges
                0x0000000000000098       0x48 ./Core/Src/ayLib/ringBuffer/src/ringBufferAY.o
 .debug_aranges
                0x00000000000000e0       0x40 ./Core/Src/ayLib/timer/src/timerAY.o
 .debug_aranges
                0x0000000000000120       0x50 ./Core/Src/ayLib/uart/src/uartAY.o
 .debug_aranges
                0x0000000000000170       0x48 ./Core/Src/main.o
 .debug_aranges
                0x00000000000001b8       0x40 ./Core/Src/stm32f4xx_hal_msp.o
 .debug_aranges
                0x00000000000001f8       0x70 ./Core/Src/stm32f4xx_it.o
 .debug_aranges
                0x0000000000000268       0x20 ./Core/Src/sysmem.o
 .debug_aranges
                0x0000000000000288       0x28 ./Core/Src/system_stm32f4xx.o
 .debug_aranges
                0x00000000000002b0       0x28 ./Core/Startup/startup_stm32f407vgtx.o
 .debug_aranges
                0x00000000000002d8       0xf0 ./Drivers/STM32F4xx_HAL_Driver/Src/stm32f4xx_hal.o
 .debug_aranges
                0x00000000000003c8       0xa8 ./Drivers/STM32F4xx_HAL_Driver/Src/stm32f4xx_hal_cortex.o
 .debug_aranges
                0x0000000000000470       0x90 ./Drivers/STM32F4xx_HAL_Driver/Src/stm32f4xx_hal_dma.o
 .debug_aranges
                0x0000000000000500       0x58 ./Drivers/STM32F4xx_HAL_Driver/Src/stm32f4xx_hal_gpio.o
 .debug_aranges
                0x0000000000000558       0x88 ./Drivers/STM32F4xx_HAL_Driver/Src/stm32f4xx_hal_rcc.o
 .debug_aranges
                0x00000000000005e0      0x3d0 ./Drivers/STM32F4xx_HAL_Driver/Src/stm32f4xx_hal_tim.o
 .debug_aranges
                0x00000000000009b0      0x168 ./Drivers/STM32F4xx_HAL_Driver/Src/stm32f4xx_hal_tim_ex.o
 .debug_aranges
                0x0000000000000b18      0x200 ./Drivers/STM32F4xx_HAL_Driver/Src/stm32f4xx_hal_uart.o

.debug_rnglists
                0x0000000000000000      0xa4c
 .debug_rnglists
                0x0000000000000000       0x13 ./Core/Src/ayLib/CRC16/src/crc16AY.o
 .debug_rnglists
                0x0000000000000013       0x81 ./Core/Src/ayLib/modbus/src/modbusAY.o
 .debug_rnglists
                0x0000000000000094       0x31 ./Core/Src/ayLib/ringBuffer/src/ringBufferAY.o
 .debug_rnglists
                0x00000000000000c5       0x2b ./Core/Src/ayLib/timer/src/timerAY.o
 .debug_rnglists
                0x00000000000000f0       0x38 ./Core/Src/ayLib/uart/src/uartAY.o
 .debug_rnglists
                0x0000000000000128       0x33 ./Core/Src/main.o
 .debug_rnglists
                0x000000000000015b       0x2b ./Core/Src/stm32f4xx_hal_msp.o
 .debug_rnglists
                0x0000000000000186       0x4f ./Core/Src/stm32f4xx_it.o
 .debug_rnglists
                0x00000000000001d5       0x13 ./Core/Src/sysmem.o
 .debug_rnglists
                0x00000000000001e8       0x1a ./Core/Src/system_stm32f4xx.o
 .debug_rnglists
                0x0000000000000202       0x19 ./Core/Startup/startup_stm32f407vgtx.o
 .debug_rnglists
                0x000000000000021b       0xaf ./Drivers/STM32F4xx_HAL_Driver/Src/stm32f4xx_hal.o
 .debug_rnglists
                0x00000000000002ca       0xa9 ./Drivers/STM32F4xx_HAL_Driver/Src/stm32f4xx_hal_cortex.o
 .debug_rnglists
                0x0000000000000373       0x6c ./Drivers/STM32F4xx_HAL_Driver/Src/stm32f4xx_hal_dma.o
 .debug_rnglists
                0x00000000000003df       0x3f ./Drivers/STM32F4xx_HAL_Driver/Src/stm32f4xx_hal_gpio.o
 .debug_rnglists
                0x000000000000041e       0x75 ./Drivers/STM32F4xx_HAL_Driver/Src/stm32f4xx_hal_rcc.o
 .debug_rnglists
                0x0000000000000493      0x303 ./Drivers/STM32F4xx_HAL_Driver/Src/stm32f4xx_hal_tim.o
 .debug_rnglists
                0x0000000000000796      0x11b ./Drivers/STM32F4xx_HAL_Driver/Src/stm32f4xx_hal_tim_ex.o
 .debug_rnglists
                0x00000000000008b1      0x19b ./Drivers/STM32F4xx_HAL_Driver/Src/stm32f4xx_hal_uart.o

.debug_macro    0x0000000000000000    0x22013
 .debug_macro   0x0000000000000000       0x76 ./Core/Src/ayLib/CRC16/src/crc16AY.o
 .debug_macro   0x0000000000000076      0xaa8 ./Core/Src/ayLib/CRC16/src/crc16AY.o
 .debug_macro   0x0000000000000b1e       0x22 ./Core/Src/ayLib/CRC16/src/crc16AY.o
 .debug_macro   0x0000000000000b40       0x8e ./Core/Src/ayLib/CRC16/src/crc16AY.o
 .debug_macro   0x0000000000000bce       0x51 ./Core/Src/ayLib/CRC16/src/crc16AY.o
 .debug_macro   0x0000000000000c1f      0x103 ./Core/Src/ayLib/CRC16/src/crc16AY.o
 .debug_macro   0x0000000000000d22       0x6a ./Core/Src/ayLib/CRC16/src/crc16AY.o
 .debug_macro   0x0000000000000d8c      0x1df ./Core/Src/ayLib/CRC16/src/crc16AY.o
 .debug_macro   0x0000000000000f6b       0x22 ./Core/Src/ayLib/CRC16/src/crc16AY.o
 .debug_macro   0x0000000000000f8d      0x375 ./Core/Src/ayLib/modbus/src/modbusAY.o
 .debug_macro   0x0000000000001302      0x29b ./Core/Src/ayLib/modbus/src/modbusAY.o
 .debug_macro   0x000000000000159d       0x2e ./Core/Src/ayLib/modbus/src/modbusAY.o
 .debug_macro   0x00000000000015cb       0x2f ./Core/Src/ayLib/modbus/src/modbusAY.o
 .debug_macro   0x00000000000015fa       0x1c ./Core/Src/ayLib/modbus/src/modbusAY.o
 .debug_macro   0x0000000000001616       0x22 ./Core/Src/ayLib/modbus/src/modbusAY.o
 .debug_macro   0x0000000000001638       0xd9 ./Core/Src/ayLib/modbus/src/modbusAY.o
 .debug_macro   0x0000000000001711     0x102d ./Core/Src/ayLib/modbus/src/modbusAY.o
 .debug_macro   0x000000000000273e      0x11f ./Core/Src/ayLib/modbus/src/modbusAY.o
 .debug_macro   0x000000000000285d    0x15e82 ./Core/Src/ayLib/modbus/src/modbusAY.o
 .debug_macro   0x00000000000186df       0x6d ./Core/Src/ayLib/modbus/src/modbusAY.o
 .debug_macro   0x000000000001874c     0x367e ./Core/Src/ayLib/modbus/src/modbusAY.o
 .debug_macro   0x000000000001bdca      0x174 ./Core/Src/ayLib/modbus/src/modbusAY.o
 .debug_macro   0x000000000001bf3e       0x5c ./Core/Src/ayLib/modbus/src/modbusAY.o
 .debug_macro   0x000000000001bf9a      0x96b ./Core/Src/ayLib/modbus/src/modbusAY.o
 .debug_macro   0x000000000001c905      0x9fe ./Core/Src/ayLib/modbus/src/modbusAY.o
 .debug_macro   0x000000000001d303      0x115 ./Core/Src/ayLib/modbus/src/modbusAY.o
 .debug_macro   0x000000000001d418      0x13e ./Core/Src/ayLib/modbus/src/modbusAY.o
 .debug_macro   0x000000000001d556       0xa5 ./Core/Src/ayLib/modbus/src/modbusAY.o
 .debug_macro   0x000000000001d5fb      0x174 ./Core/Src/ayLib/modbus/src/modbusAY.o
 .debug_macro   0x000000000001d76f      0x287 ./Core/Src/ayLib/modbus/src/modbusAY.o
 .debug_macro   0x000000000001d9f6       0x5f ./Core/Src/ayLib/modbus/src/modbusAY.o
 .debug_macro   0x000000000001da55      0x236 ./Core/Src/ayLib/modbus/src/modbusAY.o
 .debug_macro   0x000000000001dc8b      0x12c ./Core/Src/ayLib/modbus/src/modbusAY.o
 .debug_macro   0x000000000001ddb7      0x21e ./Core/Src/ayLib/modbus/src/modbusAY.o
 .debug_macro   0x000000000001dfd5       0x2e ./Core/Src/ayLib/modbus/src/modbusAY.o
 .debug_macro   0x000000000001e003      0x11a ./Core/Src/ayLib/modbus/src/modbusAY.o
 .debug_macro   0x000000000001e11d       0x7e ./Core/Src/ayLib/modbus/src/modbusAY.o
 .debug_macro   0x000000000001e19b       0x89 ./Core/Src/ayLib/modbus/src/modbusAY.o
 .debug_macro   0x000000000001e224      0x8e6 ./Core/Src/ayLib/modbus/src/modbusAY.o
 .debug_macro   0x000000000001eb0a       0x47 ./Core/Src/ayLib/modbus/src/modbusAY.o
 .debug_macro   0x000000000001eb51      0x295 ./Core/Src/ayLib/modbus/src/modbusAY.o
 .debug_macro   0x000000000001ede6      0x12d ./Core/Src/ayLib/modbus/src/modbusAY.o
 .debug_macro   0x000000000001ef13       0x61 ./Core/Src/ayLib/modbus/src/modbusAY.o
 .debug_macro   0x000000000001ef74       0x2a ./Core/Src/ayLib/modbus/src/modbusAY.o
 .debug_macro   0x000000000001ef9e       0x43 ./Core/Src/ayLib/modbus/src/modbusAY.o
 .debug_macro   0x000000000001efe1       0x34 ./Core/Src/ayLib/modbus/src/modbusAY.o
 .debug_macro   0x000000000001f015       0x16 ./Core/Src/ayLib/modbus/src/modbusAY.o
 .debug_macro   0x000000000001f02b       0x35 ./Core/Src/ayLib/modbus/src/modbusAY.o
 .debug_macro   0x000000000001f060      0x369 ./Core/Src/ayLib/modbus/src/modbusAY.o
 .debug_macro   0x000000000001f3c9       0x10 ./Core/Src/ayLib/modbus/src/modbusAY.o
 .debug_macro   0x000000000001f3d9       0x16 ./Core/Src/ayLib/modbus/src/modbusAY.o
 .debug_macro   0x000000000001f3ef       0x43 ./Core/Src/ayLib/modbus/src/modbusAY.o
 .debug_macro   0x000000000001f432       0x34 ./Core/Src/ayLib/modbus/src/modbusAY.o
 .debug_macro   0x000000000001f466       0x10 ./Core/Src/ayLib/modbus/src/modbusAY.o
 .debug_macro   0x000000000001f476       0x58 ./Core/Src/ayLib/modbus/src/modbusAY.o
 .debug_macro   0x000000000001f4ce       0x8e ./Core/Src/ayLib/modbus/src/modbusAY.o
 .debug_macro   0x000000000001f55c       0x1c ./Core/Src/ayLib/modbus/src/modbusAY.o
 .debug_macro   0x000000000001f578      0x177 ./Core/Src/ayLib/modbus/src/modbusAY.o
 .debug_macro   0x000000000001f6ef       0x16 ./Core/Src/ayLib/modbus/src/modbusAY.o
 .debug_macro   0x000000000001f705       0x16 ./Core/Src/ayLib/modbus/src/modbusAY.o
 .debug_macro   0x000000000001f71b      0x147 ./Core/Src/ayLib/modbus/src/modbusAY.o
 .debug_macro   0x000000000001f862       0x4c ./Core/Src/ayLib/modbus/src/modbusAY.o
 .debug_macro   0x000000000001f8ae       0x16 ./Core/Src/ayLib/modbus/src/modbusAY.o
 .debug_macro   0x000000000001f8c4       0x16 ./Core/Src/ayLib/modbus/src/modbusAY.o
 .debug_macro   0x000000000001f8da       0x29 ./Core/Src/ayLib/modbus/src/modbusAY.o
 .debug_macro   0x000000000001f903       0x16 ./Core/Src/ayLib/modbus/src/modbusAY.o
 .debug_macro   0x000000000001f919       0x20 ./Core/Src/ayLib/modbus/src/modbusAY.o
 .debug_macro   0x000000000001f939       0x22 ./Core/Src/ayLib/modbus/src/modbusAY.o
 .debug_macro   0x000000000001f95b      0x19b ./Core/Src/ayLib/modbus/src/modbusAY.o
 .debug_macro   0x000000000001faf6       0x3a ./Core/Src/ayLib/modbus/src/modbusAY.o
 .debug_macro   0x000000000001fb30      0x14d ./Core/Src/ayLib/ringBuffer/src/ringBufferAY.o
 .debug_macro   0x000000000001fc7d       0x5b ./Core/Src/ayLib/ringBuffer/src/ringBufferAY.o
 .debug_macro   0x000000000001fcd8       0x94 ./Core/Src/ayLib/ringBuffer/src/ringBufferAY.o
 .debug_macro   0x000000000001fd6c       0x57 ./Core/Src/ayLib/ringBuffer/src/ringBufferAY.o
 .debug_macro   0x000000000001fdc3       0x97 ./Core/Src/ayLib/ringBuffer/src/ringBufferAY.o
 .debug_macro   0x000000000001fe5a       0xfd ./Core/Src/ayLib/ringBuffer/src/ringBufferAY.o
 .debug_macro   0x000000000001ff57       0x76 ./Core/Src/ayLib/timer/src/timerAY.o
 .debug_macro   0x000000000001ffcd      0x339 ./Core/Src/ayLib/uart/src/uartAY.o
 .debug_macro   0x0000000000020306       0x56 ./Core/Src/ayLib/uart/src/uartAY.o
 .debug_macro   0x000000000002035c      0x381 ./Core/Src/main.o
 .debug_macro   0x00000000000206dd      0x1d8 ./Core/Src/stm32f4xx_hal_msp.o
 .debug_macro   0x00000000000208b5      0x353 ./Core/Src/stm32f4xx_it.o
 .debug_macro   0x0000000000020c08       0xff ./Core/Src/sysmem.o
 .debug_macro   0x0000000000020d07      0x23c ./Core/Src/sysmem.o
 .debug_macro   0x0000000000020f43      0x1ce ./Core/Src/system_stm32f4xx.o
 .debug_macro   0x0000000000021111      0x22e ./Drivers/STM32F4xx_HAL_Driver/Src/stm32f4xx_hal.o
 .debug_macro   0x000000000002133f      0x1ce ./Drivers/STM32F4xx_HAL_Driver/Src/stm32f4xx_hal_cortex.o
 .debug_macro   0x000000000002150d      0x1d4 ./Drivers/STM32F4xx_HAL_Driver/Src/stm32f4xx_hal_dma.o
 .debug_macro   0x00000000000216e1      0x1d4 ./Drivers/STM32F4xx_HAL_Driver/Src/stm32f4xx_hal_gpio.o
 .debug_macro   0x00000000000218b5      0x1f2 ./Drivers/STM32F4xx_HAL_Driver/Src/stm32f4xx_hal_rcc.o
 .debug_macro   0x0000000000021aa7      0x1cf ./Drivers/STM32F4xx_HAL_Driver/Src/stm32f4xx_hal_tim.o
 .debug_macro   0x0000000000021c76      0x1ce ./Drivers/STM32F4xx_HAL_Driver/Src/stm32f4xx_hal_tim_ex.o
 .debug_macro   0x0000000000021e44      0x1cf ./Drivers/STM32F4xx_HAL_Driver/Src/stm32f4xx_hal_uart.o

.debug_line     0x0000000000000000    0x16790
 .debug_line    0x0000000000000000      0x4db ./Core/Src/ayLib/CRC16/src/crc16AY.o
 .debug_line    0x00000000000004db     0x160d ./Core/Src/ayLib/modbus/src/modbusAY.o
 .debug_line    0x0000000000001ae8      0x770 ./Core/Src/ayLib/ringBuffer/src/ringBufferAY.o
 .debug_line    0x0000000000002258      0x57d ./Core/Src/ayLib/timer/src/timerAY.o
 .debug_line    0x00000000000027d5      0xb8b ./Core/Src/ayLib/uart/src/uartAY.o
 .debug_line    0x0000000000003360      0xdd3 ./Core/Src/main.o
 .debug_line    0x0000000000004133      0x855 ./Core/Src/stm32f4xx_hal_msp.o
 .debug_line    0x0000000000004988      0xafe ./Core/Src/stm32f4xx_it.o
 .debug_line    0x0000000000005486      0x5a6 ./Core/Src/sysmem.o
 .debug_line    0x0000000000005a2c      0x80b ./Core/Src/system_stm32f4xx.o
 .debug_line    0x0000000000006237       0x7a ./Core/Startup/startup_stm32f407vgtx.o
 .debug_line    0x00000000000062b1      0xaac ./Drivers/STM32F4xx_HAL_Driver/Src/stm32f4xx_hal.o
 .debug_line    0x0000000000006d5d      0xcef ./Drivers/STM32F4xx_HAL_Driver/Src/stm32f4xx_hal_cortex.o
 .debug_line    0x0000000000007a4c     0x1397 ./Drivers/STM32F4xx_HAL_Driver/Src/stm32f4xx_hal_dma.o
 .debug_line    0x0000000000008de3      0xc40 ./Drivers/STM32F4xx_HAL_Driver/Src/stm32f4xx_hal_gpio.o
 .debug_line    0x0000000000009a23     0x1044 ./Drivers/STM32F4xx_HAL_Driver/Src/stm32f4xx_hal_rcc.o
 .debug_line    0x000000000000aa67     0x5001 ./Drivers/STM32F4xx_HAL_Driver/Src/stm32f4xx_hal_tim.o
 .debug_line    0x000000000000fa68     0x2227 ./Drivers/STM32F4xx_HAL_Driver/Src/stm32f4xx_hal_tim_ex.o
 .debug_line    0x0000000000011c8f     0x4b01 ./Drivers/STM32F4xx_HAL_Driver/Src/stm32f4xx_hal_uart.o

.debug_str      0x0000000000000000    0xcc0c8
 .debug_str     0x0000000000000000     0x3c5c ./Core/Src/ayLib/CRC16/src/crc16AY.o
                                       0x3dcd (size before relaxing)
 .debug_str     0x0000000000003c5c    0xc4641 ./Core/Src/ayLib/modbus/src/modbusAY.o
                                      0xc85fd (size before relaxing)
 .debug_str     0x00000000000c829d       0xab ./Core/Src/ayLib/ringBuffer/src/ringBufferAY.o
                                       0x78e7 (size before relaxing)
 .debug_str     0x00000000000c8348       0x6a ./Core/Src/ayLib/timer/src/timerAY.o
                                       0x3e20 (size before relaxing)
 .debug_str     0x00000000000c83b2      0x153 ./Core/Src/ayLib/uart/src/uartAY.o
                                      0xc7897 (size before relaxing)
 .debug_str     0x00000000000c8505      0x71d ./Core/Src/main.o
                                      0xc8a43 (size before relaxing)
 .debug_str     0x00000000000c8c22      0x5ad ./Core/Src/stm32f4xx_hal_msp.o
                                      0xc459b (size before relaxing)
 .debug_str     0x00000000000c91cf      0x112 ./Core/Src/stm32f4xx_it.o
                                      0xc7a35 (size before relaxing)
 .debug_str     0x00000000000c92e1      0x4dc ./Core/Src/sysmem.o
                                       0x6069 (size before relaxing)
 .debug_str     0x00000000000c97bd       0xdb ./Core/Src/system_stm32f4xx.o
                                      0xc3915 (size before relaxing)
 .debug_str     0x00000000000c9898       0x52 ./Core/Startup/startup_stm32f407vgtx.o
 .debug_str     0x00000000000c98ea      0x60d ./Drivers/STM32F4xx_HAL_Driver/Src/stm32f4xx_hal.o
                                      0xc4499 (size before relaxing)
 .debug_str     0x00000000000c9ef7      0x32d ./Drivers/STM32F4xx_HAL_Driver/Src/stm32f4xx_hal_cortex.o
                                      0xc41cc (size before relaxing)
 .debug_str     0x00000000000ca224      0x323 ./Drivers/STM32F4xx_HAL_Driver/Src/stm32f4xx_hal_dma.o
                                      0xc3d2f (size before relaxing)
 .debug_str     0x00000000000ca547      0x110 ./Drivers/STM32F4xx_HAL_Driver/Src/stm32f4xx_hal_gpio.o
                                      0xc3a90 (size before relaxing)
 .debug_str     0x00000000000ca657      0x244 ./Drivers/STM32F4xx_HAL_Driver/Src/stm32f4xx_hal_rcc.o
                                      0xc3d5a (size before relaxing)
 .debug_str     0x00000000000ca89b      0xdc6 ./Drivers/STM32F4xx_HAL_Driver/Src/stm32f4xx_hal_tim.o
                                      0xc4c8f (size before relaxing)
 .debug_str     0x00000000000cb661      0x493 ./Drivers/STM32F4xx_HAL_Driver/Src/stm32f4xx_hal_tim_ex.o
                                      0xc44ab (size before relaxing)
 .debug_str     0x00000000000cbaf4      0x5d4 ./Drivers/STM32F4xx_HAL_Driver/Src/stm32f4xx_hal_uart.o
                                      0xc42f9 (size before relaxing)

.debug_frame    0x0000000000000000     0x2744
 .debug_frame   0x0000000000000000       0x28 ./Core/Src/ayLib/CRC16/src/crc16AY.o
 .debug_frame   0x0000000000000028      0x138 ./Core/Src/ayLib/modbus/src/modbusAY.o
 .debug_frame   0x0000000000000160       0x84 ./Core/Src/ayLib/ringBuffer/src/ringBufferAY.o
 .debug_frame   0x00000000000001e4       0x68 ./Core/Src/ayLib/timer/src/timerAY.o
 .debug_frame   0x000000000000024c       0xdc ./Core/Src/ayLib/uart/src/uartAY.o
 .debug_frame   0x0000000000000328       0xb4 ./Core/Src/main.o
 .debug_frame   0x00000000000003dc       0x94 ./Core/Src/stm32f4xx_hal_msp.o
 .debug_frame   0x0000000000000470       0xd8 ./Core/Src/stm32f4xx_it.o
 .debug_frame   0x0000000000000548       0x28 ./Core/Src/sysmem.o
 .debug_frame   0x0000000000000570       0x30 ./Core/Src/system_stm32f4xx.o
 .debug_frame   0x00000000000005a0      0x1ec ./Drivers/STM32F4xx_HAL_Driver/Src/stm32f4xx_hal.o
 .debug_frame   0x000000000000078c      0x148 ./Drivers/STM32F4xx_HAL_Driver/Src/stm32f4xx_hal_cortex.o
 .debug_frame   0x00000000000008d4      0x188 ./Drivers/STM32F4xx_HAL_Driver/Src/stm32f4xx_hal_dma.o
 .debug_frame   0x0000000000000a5c       0xd8 ./Drivers/STM32F4xx_HAL_Driver/Src/stm32f4xx_hal_gpio.o
 .debug_frame   0x0000000000000b34      0x16c ./Drivers/STM32F4xx_HAL_Driver/Src/stm32f4xx_hal_rcc.o
 .debug_frame   0x0000000000000ca0      0xb0c ./Drivers/STM32F4xx_HAL_Driver/Src/stm32f4xx_hal_tim.o
 .debug_frame   0x00000000000017ac      0x40c ./Drivers/STM32F4xx_HAL_Driver/Src/stm32f4xx_hal_tim_ex.o
 .debug_frame   0x0000000000001bb8      0x5c8 ./Drivers/STM32F4xx_HAL_Driver/Src/stm32f4xx_hal_uart.o
 .debug_frame   0x0000000000002180      0x144 C:/ST/STM32CubeIDE_1.14.0/STM32CubeIDE/plugins/com.st.stm32cube.ide.mcu.externaltools.gnu-tools-for-stm32.11.3.rel1.win32_1.1.100.202309141235/tools/bin/../lib/gcc/arm-none-eabi/11.3.1/../../../../arm-none-eabi/lib/thumb/v7e-m+fp/hard\libc_nano.a(libc_a-findfp.o)
 .debug_frame   0x00000000000022c4       0x4c C:/ST/STM32CubeIDE_1.14.0/STM32CubeIDE/plugins/com.st.stm32cube.ide.mcu.externaltools.gnu-tools-for-stm32.11.3.rel1.win32_1.1.100.202309141235/tools/bin/../lib/gcc/arm-none-eabi/11.3.1/../../../../arm-none-eabi/lib/thumb/v7e-m+fp/hard\libc_nano.a(libc_a-vsnprintf.o)
 .debug_frame   0x0000000000002310       0x20 C:/ST/STM32CubeIDE_1.14.0/STM32CubeIDE/plugins/com.st.stm32cube.ide.mcu.externaltools.gnu-tools-for-stm32.11.3.rel1.win32_1.1.100.202309141235/tools/bin/../lib/gcc/arm-none-eabi/11.3.1/../../../../arm-none-eabi/lib/thumb/v7e-m+fp/hard\libc_nano.a(libc_a-memset.o)
 .debug_frame   0x0000000000002330       0x38 C:/ST/STM32CubeIDE_1.14.0/STM32CubeIDE/plugins/com.st.stm32cube.ide.mcu.externaltools.gnu-tools-for-stm32.11.3.rel1.win32_1.1.100.202309141235/tools/bin/../lib/gcc/arm-none-eabi/11.3.1/../../../../arm-none-eabi/lib/thumb/v7e-m+fp/hard\libc_nano.a(libc_a-reent.o)
 .debug_frame   0x0000000000002368       0x20 C:/ST/STM32CubeIDE_1.14.0/STM32CubeIDE/plugins/com.st.stm32cube.ide.mcu.externaltools.gnu-tools-for-stm32.11.3.rel1.win32_1.1.100.202309141235/tools/bin/../lib/gcc/arm-none-eabi/11.3.1/../../../../arm-none-eabi/lib/thumb/v7e-m+fp/hard\libc_nano.a(libc_a-errno.o)
 .debug_frame   0x0000000000002388       0x2c C:/ST/STM32CubeIDE_1.14.0/STM32CubeIDE/plugins/com.st.stm32cube.ide.mcu.externaltools.gnu-tools-for-stm32.11.3.rel1.win32_1.1.100.202309141235/tools/bin/../lib/gcc/arm-none-eabi/11.3.1/../../../../arm-none-eabi/lib/thumb/v7e-m+fp/hard\libc_nano.a(libc_a-init.o)
 .debug_frame   0x00000000000023b4       0xb0 C:/ST/STM32CubeIDE_1.14.0/STM32CubeIDE/plugins/com.st.stm32cube.ide.mcu.externaltools.gnu-tools-for-stm32.11.3.rel1.win32_1.1.100.202309141235/tools/bin/../lib/gcc/arm-none-eabi/11.3.1/../../../../arm-none-eabi/lib/thumb/v7e-m+fp/hard\libc_nano.a(libc_a-lock.o)
 .debug_frame   0x0000000000002464       0x28 C:/ST/STM32CubeIDE_1.14.0/STM32CubeIDE/plugins/com.st.stm32cube.ide.mcu.externaltools.gnu-tools-for-stm32.11.3.rel1.win32_1.1.100.202309141235/tools/bin/../lib/gcc/arm-none-eabi/11.3.1/../../../../arm-none-eabi/lib/thumb/v7e-m+fp/hard\libc_nano.a(libc_a-memcpy-stub.o)
 .debug_frame   0x000000000000248c       0x38 C:/ST/STM32CubeIDE_1.14.0/STM32CubeIDE/plugins/com.st.stm32cube.ide.mcu.externaltools.gnu-tools-for-stm32.11.3.rel1.win32_1.1.100.202309141235/tools/bin/../lib/gcc/arm-none-eabi/11.3.1/../../../../arm-none-eabi/lib/thumb/v7e-m+fp/hard\libc_nano.a(libc_a-freer.o)
 .debug_frame   0x00000000000024c4       0x50 C:/ST/STM32CubeIDE_1.14.0/STM32CubeIDE/plugins/com.st.stm32cube.ide.mcu.externaltools.gnu-tools-for-stm32.11.3.rel1.win32_1.1.100.202309141235/tools/bin/../lib/gcc/arm-none-eabi/11.3.1/../../../../arm-none-eabi/lib/thumb/v7e-m+fp/hard\libc_nano.a(libc_a-mallocr.o)